Archive member included to satisfy reference by file (symbol)

d:/devroot/eclipse-exe/eclipse-c-oxygen/plugins/fr.ac6.mcu.externaltools.arm-none.win32_1.16.0.201807130628/tools/compiler/bin/../lib/gcc/arm-none-eabi/7.2.1/../../../../arm-none-eabi/lib/thumb/v7e-m/fpv4-sp/hard\libm.a(lib_a-w_fmod.o)
                              Src/nmea_parser.o (fmod)
d:/devroot/eclipse-exe/eclipse-c-oxygen/plugins/fr.ac6.mcu.externaltools.arm-none.win32_1.16.0.201807130628/tools/compiler/bin/../lib/gcc/arm-none-eabi/7.2.1/../../../../arm-none-eabi/lib/thumb/v7e-m/fpv4-sp/hard\libm.a(lib_a-e_fmod.o)
                              d:/devroot/eclipse-exe/eclipse-c-oxygen/plugins/fr.ac6.mcu.externaltools.arm-none.win32_1.16.0.201807130628/tools/compiler/bin/../lib/gcc/arm-none-eabi/7.2.1/../../../../arm-none-eabi/lib/thumb/v7e-m/fpv4-sp/hard\libm.a(lib_a-w_fmod.o) (__ieee754_fmod)
d:/devroot/eclipse-exe/eclipse-c-oxygen/plugins/fr.ac6.mcu.externaltools.arm-none.win32_1.16.0.201807130628/tools/compiler/bin/../lib/gcc/arm-none-eabi/7.2.1/../../../../arm-none-eabi/lib/thumb/v7e-m/fpv4-sp/hard\libm.a(lib_a-s_lib_ver.o)
                              d:/devroot/eclipse-exe/eclipse-c-oxygen/plugins/fr.ac6.mcu.externaltools.arm-none.win32_1.16.0.201807130628/tools/compiler/bin/../lib/gcc/arm-none-eabi/7.2.1/../../../../arm-none-eabi/lib/thumb/v7e-m/fpv4-sp/hard\libm.a(lib_a-w_fmod.o) (__fdlib_version)
d:/devroot/eclipse-exe/eclipse-c-oxygen/plugins/fr.ac6.mcu.externaltools.arm-none.win32_1.16.0.201807130628/tools/compiler/bin/../lib/gcc/arm-none-eabi/7.2.1/../../../../arm-none-eabi/lib/thumb/v7e-m/fpv4-sp/hard\libm.a(lib_a-s_matherr.o)
                              d:/devroot/eclipse-exe/eclipse-c-oxygen/plugins/fr.ac6.mcu.externaltools.arm-none.win32_1.16.0.201807130628/tools/compiler/bin/../lib/gcc/arm-none-eabi/7.2.1/../../../../arm-none-eabi/lib/thumb/v7e-m/fpv4-sp/hard\libm.a(lib_a-w_fmod.o) (matherr)
d:/devroot/eclipse-exe/eclipse-c-oxygen/plugins/fr.ac6.mcu.externaltools.arm-none.win32_1.16.0.201807130628/tools/compiler/bin/../lib/gcc/arm-none-eabi/7.2.1/thumb/v7e-m/fpv4-sp/hard\libgcc.a(_arm_addsubdf3.o)
                              Src/Arduino_HAL.o (__aeabi_dsub)
d:/devroot/eclipse-exe/eclipse-c-oxygen/plugins/fr.ac6.mcu.externaltools.arm-none.win32_1.16.0.201807130628/tools/compiler/bin/../lib/gcc/arm-none-eabi/7.2.1/thumb/v7e-m/fpv4-sp/hard\libgcc.a(_arm_muldivdf3.o)
                              Src/Arduino_HAL.o (__aeabi_dmul)
d:/devroot/eclipse-exe/eclipse-c-oxygen/plugins/fr.ac6.mcu.externaltools.arm-none.win32_1.16.0.201807130628/tools/compiler/bin/../lib/gcc/arm-none-eabi/7.2.1/thumb/v7e-m/fpv4-sp/hard\libgcc.a(_arm_cmpdf2.o)
                              Src/telescope_app.o (__aeabi_dcmpeq)
d:/devroot/eclipse-exe/eclipse-c-oxygen/plugins/fr.ac6.mcu.externaltools.arm-none.win32_1.16.0.201807130628/tools/compiler/bin/../lib/gcc/arm-none-eabi/7.2.1/thumb/v7e-m/fpv4-sp/hard\libgcc.a(_arm_unorddf2.o)
                              d:/devroot/eclipse-exe/eclipse-c-oxygen/plugins/fr.ac6.mcu.externaltools.arm-none.win32_1.16.0.201807130628/tools/compiler/bin/../lib/gcc/arm-none-eabi/7.2.1/../../../../arm-none-eabi/lib/thumb/v7e-m/fpv4-sp/hard\libm.a(lib_a-w_fmod.o) (__aeabi_dcmpun)
d:/devroot/eclipse-exe/eclipse-c-oxygen/plugins/fr.ac6.mcu.externaltools.arm-none.win32_1.16.0.201807130628/tools/compiler/bin/../lib/gcc/arm-none-eabi/7.2.1/thumb/v7e-m/fpv4-sp/hard\libgcc.a(_arm_fixdfsi.o)
                              Src/nmea_parser.o (__aeabi_d2iz)
d:/devroot/eclipse-exe/eclipse-c-oxygen/plugins/fr.ac6.mcu.externaltools.arm-none.win32_1.16.0.201807130628/tools/compiler/bin/../lib/gcc/arm-none-eabi/7.2.1/thumb/v7e-m/fpv4-sp/hard\libgcc.a(_aeabi_ldivmod.o)
                              Src/starmap.o (__aeabi_ldivmod)
d:/devroot/eclipse-exe/eclipse-c-oxygen/plugins/fr.ac6.mcu.externaltools.arm-none.win32_1.16.0.201807130628/tools/compiler/bin/../lib/gcc/arm-none-eabi/7.2.1/thumb/v7e-m/fpv4-sp/hard\libgcc.a(_aeabi_uldivmod.o)
                              Drivers/STM32L4xx_HAL_Driver/Src/stm32l4xx_hal_uart.o (__aeabi_uldivmod)
d:/devroot/eclipse-exe/eclipse-c-oxygen/plugins/fr.ac6.mcu.externaltools.arm-none.win32_1.16.0.201807130628/tools/compiler/bin/../lib/gcc/arm-none-eabi/7.2.1/thumb/v7e-m/fpv4-sp/hard\libgcc.a(_fixdfdi.o)
                              Src/starmap.o (__aeabi_d2lz)
d:/devroot/eclipse-exe/eclipse-c-oxygen/plugins/fr.ac6.mcu.externaltools.arm-none.win32_1.16.0.201807130628/tools/compiler/bin/../lib/gcc/arm-none-eabi/7.2.1/thumb/v7e-m/fpv4-sp/hard\libgcc.a(_fixunsdfdi.o)
                              d:/devroot/eclipse-exe/eclipse-c-oxygen/plugins/fr.ac6.mcu.externaltools.arm-none.win32_1.16.0.201807130628/tools/compiler/bin/../lib/gcc/arm-none-eabi/7.2.1/thumb/v7e-m/fpv4-sp/hard\libgcc.a(_fixdfdi.o) (__aeabi_d2ulz)
[...]
Memory Configuration

Name             Origin             Length             Attributes
RAM              0x20000000         0x00028000         xrw
FLASH            0x08000000         0x00080000         xr
*default*        0x00000000         0xffffffff

Linker script and memory map

LOAD d:/devroot/eclipse-exe/eclipse-c-oxygen/plugins/fr.ac6.mcu.externaltools.arm-none.win32_1.16.0.201807130628/tools/compiler/bin/../lib/gcc/arm-none-eabi/7.2.1/thumb/v7e-m/fpv4-sp/hard/crti.o
LOAD d:/devroot/eclipse-exe/eclipse-c-oxygen/plugins/fr.ac6.mcu.externaltools.arm-none.win32_1.16.0.201807130628/tools/compiler/bin/../lib/gcc/arm-none-eabi/7.2.1/thumb/v7e-m/fpv4-sp/hard/crtbegin.o
LOAD d:/devroot/eclipse-exe/eclipse-c-oxygen/plugins/fr.ac6.mcu.externaltools.arm-none.win32_1.16.0.201807130628/tools/compiler/bin/../lib/gcc/arm-none-eabi/7.2.1/../../../../arm-none-eabi/lib/thumb/v7e-m/fpv4-sp/hard/crt0.o
LOAD Drivers/STM32L4xx_HAL_Driver/Src/stm32l4xx_hal.o
LOAD Drivers/STM32L4xx_HAL_Driver/Src/stm32l4xx_hal_adc.o
LOAD Drivers/STM32L4xx_HAL_Driver/Src/stm32l4xx_hal_adc_ex.o
LOAD Drivers/STM32L4xx_HAL_Driver/Src/stm32l4xx_hal_cortex.o
LOAD Drivers/STM32L4xx_HAL_Driver/Src/stm32l4xx_hal_dma.o
LOAD Drivers/STM32L4xx_HAL_Driver/Src/stm32l4xx_hal_dma_ex.o
LOAD Drivers/STM32L4xx_HAL_Driver/Src/stm32l4xx_hal_exti.o
LOAD Drivers/STM32L4xx_HAL_Driver/Src/stm32l4xx_hal_flash.o
LOAD Drivers/STM32L4xx_HAL_Driver/Src/stm32l4xx_hal_flash_ex.o
LOAD Drivers/STM32L4xx_HAL_Driver/Src/stm32l4xx_hal_flash_ramfunc.o
LOAD Drivers/STM32L4xx_HAL_Driver/Src/stm32l4xx_hal_gpio.o
LOAD Drivers/STM32L4xx_HAL_Driver/Src/stm32l4xx_hal_i2c.o
LOAD Drivers/STM32L4xx_HAL_Driver/Src/stm32l4xx_hal_i2c_ex.o
LOAD Drivers/STM32L4xx_HAL_Driver/Src/stm32l4xx_hal_pwr.o
LOAD Drivers/STM32L4xx_HAL_Driver/Src/stm32l4xx_hal_pwr_ex.o
LOAD Drivers/STM32L4xx_HAL_Driver/Src/stm32l4xx_hal_rcc.o
LOAD Drivers/STM32L4xx_HAL_Driver/Src/stm32l4xx_hal_rcc_ex.o
LOAD Drivers/STM32L4xx_HAL_Driver/Src/stm32l4xx_hal_rtc.o
LOAD Drivers/STM32L4xx_HAL_Driver/Src/stm32l4xx_hal_rtc_ex.o
LOAD Drivers/STM32L4xx_HAL_Driver/Src/stm32l4xx_hal_tim.o
LOAD Drivers/STM32L4xx_HAL_Driver/Src/stm32l4xx_hal_tim_ex.o
LOAD Drivers/STM32L4xx_HAL_Driver/Src/stm32l4xx_hal_uart.o
LOAD Drivers/STM32L4xx_HAL_Driver/Src/stm32l4xx_hal_uart_ex.o
LOAD Src/Arduino_HAL.o
LOAD Src/adc.o
LOAD Src/dma.o
LOAD Src/gpio.o
LOAD Src/main.o
LOAD Src/nmea_parser.o
LOAD Src/nmea_receiver.o
LOAD Src/printf_redirect.o
LOAD Src/rtc.o
LOAD Src/starmap.o
LOAD Src/stepper_adapt2.o
LOAD Src/stepper_it.o
LOAD Src/stm32l4xx_hal_msp.o
LOAD Src/stm32l4xx_it.o
LOAD Src/syscalls.o
LOAD Src/system_stm32l4xx.o
LOAD Src/telescope_app.o
LOAD Src/telescope_commands.o
LOAD Src/telescope_utils.o
LOAD Src/tim.o
LOAD Src/time_util.o
LOAD Src/timer.o
LOAD Src/uart_driver.o
LOAD Src/usart.o
LOAD startup/startup_stm32l452xx.o
LOAD d:/devroot/eclipse-exe/eclipse-c-oxygen/plugins/fr.ac6.mcu.externaltools.arm-none.win32_1.16.0.201807130628/tools/compiler/bin/../lib/gcc/arm-none-eabi/7.2.1/../../../../arm-none-eabi/lib/thumb/v7e-m/fpv4-sp/hard\libm.a
START GROUP
LOAD d:/devroot/eclipse-exe/eclipse-c-oxygen/plugins/fr.ac6.mcu.externaltools.arm-none.win32_1.16.0.201807130628/tools/compiler/bin/../lib/gcc/arm-none-eabi/7.2.1/thumb/v7e-m/fpv4-sp/hard\libgcc.a
LOAD d:/devroot/eclipse-exe/eclipse-c-oxygen/plugins/fr.ac6.mcu.externaltools.arm-none.win32_1.16.0.201807130628/tools/compiler/bin/../lib/gcc/arm-none-eabi/7.2.1/../../../../arm-none-eabi/lib/thumb/v7e-m/fpv4-sp/hard\libc_nano.a
END GROUP
START GROUP
LOAD d:/devroot/eclipse-exe/eclipse-c-oxygen/plugins/fr.ac6.mcu.externaltools.arm-none.win32_1.16.0.201807130628/tools/compiler/bin/../lib/gcc/arm-none-eabi/7.2.1/thumb/v7e-m/fpv4-sp/hard\libgcc.a
LOAD d:/devroot/eclipse-exe/eclipse-c-oxygen/plugins/fr.ac6.mcu.externaltools.arm-none.win32_1.16.0.201807130628/tools/compiler/bin/../lib/gcc/arm-none-eabi/7.2.1/../../../../arm-none-eabi/lib/thumb/v7e-m/fpv4-sp/hard\libc_nano.a
LOAD d:/devroot/eclipse-exe/eclipse-c-oxygen/plugins/fr.ac6.mcu.externaltools.arm-none.win32_1.16.0.201807130628/tools/compiler/bin/../lib/gcc/arm-none-eabi/7.2.1/../../../../arm-none-eabi/lib/thumb/v7e-m/fpv4-sp/hard\libnosys.a
END GROUP
START GROUP
LOAD d:/devroot/eclipse-exe/eclipse-c-oxygen/plugins/fr.ac6.mcu.externaltools.arm-none.win32_1.16.0.201807130628/tools/compiler/bin/../lib/gcc/arm-none-eabi/7.2.1/thumb/v7e-m/fpv4-sp/hard\libgcc.a
LOAD d:/devroot/eclipse-exe/eclipse-c-oxygen/plugins/fr.ac6.mcu.externaltools.arm-none.win32_1.16.0.201807130628/tools/compiler/bin/../lib/gcc/arm-none-eabi/7.2.1/../../../../arm-none-eabi/lib/thumb/v7e-m/fpv4-sp/hard\libc_nano.a
LOAD d:/devroot/eclipse-exe/eclipse-c-oxygen/plugins/fr.ac6.mcu.externaltools.arm-none.win32_1.16.0.201807130628/tools/compiler/bin/../lib/gcc/arm-none-eabi/7.2.1/../../../../arm-none-eabi/lib/thumb/v7e-m/fpv4-sp/hard\libnosys.a
END GROUP
LOAD d:/devroot/eclipse-exe/eclipse-c-oxygen/plugins/fr.ac6.mcu.externaltools.arm-none.win32_1.16.0.201807130628/tools/compiler/bin/../lib/gcc/arm-none-eabi/7.2.1/thumb/v7e-m/fpv4-sp/hard/crtend.o
LOAD d:/devroot/eclipse-exe/eclipse-c-oxygen/plugins/fr.ac6.mcu.externaltools.arm-none.win32_1.16.0.201807130628/tools/compiler/bin/../lib/gcc/arm-none-eabi/7.2.1/thumb/v7e-m/fpv4-sp/hard/crtn.o
                0x20028000                _estack = 0x20028000
                0x00000200                _Min_Heap_Size = 0x200
                0x00000400                _Min_Stack_Size = 0x400

.isr_vector     0x08000000      0x198
                0x08000000                . = ALIGN (0x8)
 *(.isr_vector)
 .isr_vector    0x08000000      0x194 startup/startup_stm32l452xx.o
                0x08000000                g_pfnVectors
                0x08000198                . = ALIGN (0x8)
 *fill*         0x08000194        0x4 

.text           0x080001a0     0xceb0
                0x080001a0                . = ALIGN (0x8)
 *(.text)
 .text          0x080001a0       0x40 d:/devroot/eclipse-exe/eclipse-c-oxygen/plugins/fr.ac6.mcu.externaltools.arm-none.win32_1.16.0.201807130628/tools/compiler/bin/../lib/gcc/arm-none-eabi/7.2.1/thumb/v7e-m/fpv4-sp/hard/crtbegin.o
 .text          0x080001e0      0x378 d:/devroot/eclipse-exe/eclipse-c-oxygen/plugins/fr.ac6.mcu.externaltools.arm-none.win32_1.16.0.201807130628/tools/compiler/bin/../lib/gcc/arm-none-eabi/7.2.1/thumb/v7e-m/fpv4-sp/hard\libgcc.a(_arm_addsubdf3.o)
                0x080001e0                __aeabi_drsub
                0x080001e8                __aeabi_dsub
                0x080001e8                __subdf3
                0x080001ec                __aeabi_dadd
                0x080001ec                __adddf3
                0x08000464                __floatunsidf
                0x08000464                __aeabi_ui2d
                0x08000484                __floatsidf
                0x08000484                __aeabi_i2d
                0x080004a8                __aeabi_f2d
                0x080004a8                __extendsfdf2
                0x080004ec                __floatundidf
                0x080004ec                __aeabi_ul2d
                0x080004fc                __floatdidf
                0x080004fc                __aeabi_l2d
 .text          0x08000558      0x424 d:/devroot/eclipse-exe/eclipse-c-oxygen/plugins/fr.ac6.mcu.externaltools.arm-none.win32_1.16.0.201807130628/tools/compiler/bin/../lib/gcc/arm-none-eabi/7.2.1/thumb/v7e-m/fpv4-sp/hard\libgcc.a(_arm_muldivdf3.o)
                0x08000558                __aeabi_dmul
                0x08000558                __muldf3
                0x080007ac                __divdf3
                0x080007ac                __aeabi_ddiv
 .text          0x0800097c      0x110 d:/devroot/eclipse-exe/eclipse-c-oxygen/plugins/fr.ac6.mcu.externaltools.arm-none.win32_1.16.0.201807130628/tools/compiler/bin/../lib/gcc/arm-none-eabi/7.2.1/thumb/v7e-m/fpv4-sp/hard\libgcc.a(_arm_cmpdf2.o)
                0x0800097c                __gtdf2
                0x0800097c                __gedf2
                0x08000984                __ltdf2
                0x08000984                __ledf2
                0x0800098c                __nedf2
                0x0800098c                __eqdf2
                0x0800098c                __cmpdf2
                0x08000a08                __aeabi_cdrcmple
                0x08000a18                __aeabi_cdcmpeq
                0x08000a18                __aeabi_cdcmple
                0x08000a28                __aeabi_dcmpeq
                0x08000a3c                __aeabi_dcmplt
                0x08000a50                __aeabi_dcmple
                0x08000a64                __aeabi_dcmpge
                0x08000a78                __aeabi_dcmpgt
 .text          0x08000a8c       0x2c d:/devroot/eclipse-exe/eclipse-c-oxygen/plugins/fr.ac6.mcu.externaltools.arm-none.win32_1.16.0.201807130628/tools/compiler/bin/../lib/gcc/arm-none-eabi/7.2.1/thumb/v7e-m/fpv4-sp/hard\libgcc.a(_arm_unorddf2.o)
                0x08000a8c                __unorddf2
                0x08000a8c                __aeabi_dcmpun
 .text          0x08000ab8       0x50 d:/devroot/eclipse-exe/eclipse-c-oxygen/plugins/fr.ac6.mcu.externaltools.arm-none.win32_1.16.0.201807130628/tools/compiler/bin/../lib/gcc/arm-none-eabi/7.2.1/thumb/v7e-m/fpv4-sp/hard\libgcc.a(_arm_fixdfsi.o)
                0x08000ab8                __aeabi_d2iz
                0x08000ab8                __fixdfsi
 .text          0x08000b08       0xa0 d:/devroot/eclipse-exe/eclipse-c-oxygen/plugins/fr.ac6.mcu.externaltools.arm-none.win32_1.16.0.201807130628/tools/compiler/bin/../lib/gcc/arm-none-eabi/7.2.1/thumb/v7e-m/fpv4-sp/hard\libgcc.a(_aeabi_ldivmod.o)
                0x08000b08                __aeabi_ldivmod
 .text          0x08000ba8       0x30 d:/devroot/eclipse-exe/eclipse-c-oxygen/plugins/fr.ac6.mcu.externaltools.arm-none.win32_1.16.0.201807130628/tools/compiler/bin/../lib/gcc/arm-none-eabi/7.2.1/thumb/v7e-m/fpv4-sp/hard\libgcc.a(_aeabi_uldivmod.o)
                0x08000ba8                __aeabi_uldivmod
 .text          0x08000bd8       0x30 d:/devroot/eclipse-exe/eclipse-c-oxygen/plugins/fr.ac6.mcu.externaltools.arm-none.win32_1.16.0.201807130628/tools/compiler/bin/../lib/gcc/arm-none-eabi/7.2.1/thumb/v7e-m/fpv4-sp/hard\libgcc.a(_fixdfdi.o)
                0x08000bd8                __fixdfdi
                0x08000bd8                __aeabi_d2lz
 .text          0x08000c08       0x44 d:/devroot/eclipse-exe/eclipse-c-oxygen/plugins/fr.ac6.mcu.externaltools.arm-none.win32_1.16.0.201807130628/tools/compiler/bin/../lib/gcc/arm-none-eabi/7.2.1/thumb/v7e-m/fpv4-sp/hard\libgcc.a(_fixunsdfdi.o)
                0x08000c08                __fixunsdfdi
                0x08000c08                __aeabi_d2ulz
 .text          0x08000c4c      0x2cc d:/devroot/eclipse-exe/eclipse-c-oxygen/plugins/fr.ac6.mcu.externaltools.arm-none.win32_1.16.0.201807130628/tools/compiler/bin/../lib/gcc/arm-none-eabi/7.2.1/thumb/v7e-m/fpv4-sp/hard\libgcc.a(_udivmoddi4.o)
                0x08000c4c                __udivmoddi4
 .text          0x08000f18        0x4 d:/devroot/eclipse-exe/eclipse-c-oxygen/plugins/fr.ac6.mcu.externaltools.arm-none.win32_1.16.0.201807130628/tools/compiler/bin/../lib/gcc/arm-none-eabi/7.2.1/thumb/v7e-m/fpv4-sp/hard\libgcc.a(_dvmd_tls.o)
                0x08000f18                __aeabi_idiv0
                0x08000f18                __aeabi_ldiv0
 .text          0x08000f1c       0x40 d:/devroot/eclipse-exe/eclipse-c-oxygen/plugins/fr.ac6.mcu.externaltools.arm-none.win32_1.16.0.201807130628/tools/compiler/bin/../lib/gcc/arm-none-eabi/7.2.1/thumb/v7e-m/fpv4-sp/hard\libgcc.a(_arm_fixunsdfsi.o)
                0x08000f1c                __aeabi_d2uiz
                0x08000f1c                __fixunsdfsi
 .text          0x08000f5c       0x10 d:/devroot/eclipse-exe/eclipse-c-oxygen/plugins/fr.ac6.mcu.externaltools.arm-none.win32_1.16.0.201807130628/tools/compiler/bin/../lib/gcc/arm-none-eabi/7.2.1/../../../../arm-none-eabi/lib/thumb/v7e-m/fpv4-sp/hard\libc_nano.a(lib_a-strlen.o)
                0x08000f5c                strlen
 *fill*         0x08000f6c        0x4 
 .text          0x08000f70       0xa0 d:/devroot/eclipse-exe/eclipse-c-oxygen/plugins/fr.ac6.mcu.externaltools.arm-none.win32_1.16.0.201807130628/tools/compiler/bin/../lib/gcc/arm-none-eabi/7.2.1/../../../../arm-none-eabi/lib/thumb/v7e-m/fpv4-sp/hard\libc_nano.a(lib_a-memchr.o)
                0x08000f70                memchr
 .text          0x08001010       0x14 d:/devroot/eclipse-exe/eclipse-c-oxygen/plugins/fr.ac6.mcu.externaltools.arm-none.win32_1.16.0.201807130628/tools/compiler/bin/../lib/gcc/arm-none-eabi/7.2.1/../../../../arm-none-eabi/lib/thumb/v7e-m/fpv4-sp/hard\libc_nano.a(lib_a-strcmp.o)
                0x08001010                strcmp
 .text          0x08001024       0xa0 d:/devroot/eclipse-exe/eclipse-c-oxygen/plugins/fr.ac6.mcu.externaltools.arm-none.win32_1.16.0.201807130628/tools/compiler/bin/../lib/gcc/arm-none-eabi/7.2.1/thumb/v7e-m/fpv4-sp/hard\libgcc.a(_arm_truncdfsf2.o)
                0x08001024                __truncdfsf2
                0x08001024                __aeabi_d2f
 *(.text*)
 .text.HAL_InitTick
                0x080010c4       0x34 Drivers/STM32L4xx_HAL_Driver/Src/stm32l4xx_hal.o
                0x080010c4                HAL_InitTick
 .text.HAL_Init
                0x080010f8       0x2c Drivers/STM32L4xx_HAL_Driver/Src/stm32l4xx_hal.o
                0x080010f8                HAL_Init
 .text.HAL_IncTick
                0x08001124       0x10 Drivers/STM32L4xx_HAL_Driver/Src/stm32l4xx_hal.o
                0x08001124                HAL_IncTick
 .text.HAL_GetTick
                0x08001134        0xc Drivers/STM32L4xx_HAL_Driver/Src/stm32l4xx_hal.o
                0x08001134                HAL_GetTick
 .text.HAL_ADC_Init
                0x08001140      0x1e8 Drivers/STM32L4xx_HAL_Driver/Src/stm32l4xx_hal_adc.o
                0x08001140                HAL_ADC_Init
 .text.HAL_ADC_ConvCpltCallback
                0x08001328        0x2 Drivers/STM32L4xx_HAL_Driver/Src/stm32l4xx_hal_adc.o
                0x08001328                HAL_ADC_ConvCpltCallback
 .text.HAL_ADC_LevelOutOfWindowCallback
                0x0800132a        0x2 Drivers/STM32L4xx_HAL_Driver/Src/stm32l4xx_hal_adc.o
                0x0800132a                HAL_ADC_LevelOutOfWindowCallback
 .text.HAL_ADC_ErrorCallback
                0x0800132c        0x2 Drivers/STM32L4xx_HAL_Driver/Src/stm32l4xx_hal_adc.o
                0x0800132c                HAL_ADC_ErrorCallback
 .text.HAL_ADC_IRQHandler
                0x0800132e      0x234 Drivers/STM32L4xx_HAL_Driver/Src/stm32l4xx_hal_adc.o
                0x0800132e                HAL_ADC_IRQHandler
 *fill*         0x08001562        0x2 
 .text.HAL_ADC_ConfigChannel
                0x08001564      0x470 Drivers/STM32L4xx_HAL_Driver/Src/stm32l4xx_hal_adc.o
                0x08001564                HAL_ADC_ConfigChannel
 .text.HAL_ADCEx_InjectedConvCpltCallback
                0x080019d4        0x2 Drivers/STM32L4xx_HAL_Driver/Src/stm32l4xx_hal_adc_ex.o
                0x080019d4                HAL_ADCEx_InjectedConvCpltCallback
 .text.HAL_ADCEx_InjectedQueueOverflowCallback
                0x080019d6        0x2 Drivers/STM32L4xx_HAL_Driver/Src/stm32l4xx_hal_adc_ex.o
                0x080019d6                HAL_ADCEx_InjectedQueueOverflowCallback
 .text.HAL_ADCEx_LevelOutOfWindow2Callback
                0x080019d8        0x2 Drivers/STM32L4xx_HAL_Driver/Src/stm32l4xx_hal_adc_ex.o
                0x080019d8                HAL_ADCEx_LevelOutOfWindow2Callback
 .text.HAL_ADCEx_LevelOutOfWindow3Callback
                0x080019da        0x2 Drivers/STM32L4xx_HAL_Driver/Src/stm32l4xx_hal_adc_ex.o
                0x080019da                HAL_ADCEx_LevelOutOfWindow3Callback
 .text.HAL_ADCEx_EndOfSamplingCallback
                0x080019dc        0x2 Drivers/STM32L4xx_HAL_Driver/Src/stm32l4xx_hal_adc_ex.o
                0x080019dc                HAL_ADCEx_EndOfSamplingCallback
 *fill*         0x080019de        0x2 
 .text.HAL_NVIC_SetPriorityGrouping
                0x080019e0       0x24 Drivers/STM32L4xx_HAL_Driver/Src/stm32l4xx_hal_cortex.o
                0x080019e0                HAL_NVIC_SetPriorityGrouping
 .text.HAL_NVIC_SetPriority
                0x08001a04       0x68 Drivers/STM32L4xx_HAL_Driver/Src/stm32l4xx_hal_cortex.o
                0x08001a04                HAL_NVIC_SetPriority
 .text.HAL_NVIC_EnableIRQ
                0x08001a6c       0x18 Drivers/STM32L4xx_HAL_Driver/Src/stm32l4xx_hal_cortex.o
                0x08001a6c                HAL_NVIC_EnableIRQ
 .text.HAL_SYSTICK_Config
                0x08001a84       0x2c Drivers/STM32L4xx_HAL_Driver/Src/stm32l4xx_hal_cortex.o
                0x08001a84                HAL_SYSTICK_Config
 .text.HAL_DMA_Init
                0x08001ab0       0xf8 Drivers/STM32L4xx_HAL_Driver/Src/stm32l4xx_hal_dma.o
                0x08001ab0                HAL_DMA_Init
 .text.HAL_DMA_Abort_IT
                0x08001ba8       0x50 Drivers/STM32L4xx_HAL_Driver/Src/stm32l4xx_hal_dma.o
                0x08001ba8                HAL_DMA_Abort_IT
 .text.HAL_DMA_IRQHandler
                0x08001bf8       0xc4 Drivers/STM32L4xx_HAL_Driver/Src/stm32l4xx_hal_dma.o
                0x08001bf8                HAL_DMA_IRQHandler
 .text.HAL_GPIO_Init
                0x08001cbc      0x194 Drivers/STM32L4xx_HAL_Driver/Src/stm32l4xx_hal_gpio.o
                0x08001cbc                HAL_GPIO_Init
 .text.HAL_GPIO_ReadPin
                0x08001e50        0xe Drivers/STM32L4xx_HAL_Driver/Src/stm32l4xx_hal_gpio.o
                0x08001e50                HAL_GPIO_ReadPin
 .text.HAL_GPIO_WritePin
                0x08001e5e        0xa Drivers/STM32L4xx_HAL_Driver/Src/stm32l4xx_hal_gpio.o
                0x08001e5e                HAL_GPIO_WritePin
 .text.HAL_PWR_EnableBkUpAccess
                0x08001e68       0x10 Drivers/STM32L4xx_HAL_Driver/Src/stm32l4xx_hal_pwr.o
                0x08001e68                HAL_PWR_EnableBkUpAccess
 .text.HAL_PWREx_GetVoltageRange
                0x08001e78       0x10 Drivers/STM32L4xx_HAL_Driver/Src/stm32l4xx_hal_pwr_ex.o
                0x08001e78                HAL_PWREx_GetVoltageRange
 .text.HAL_PWREx_ControlVoltageScaling
                0x08001e88       0x90 Drivers/STM32L4xx_HAL_Driver/Src/stm32l4xx_hal_pwr_ex.o
                0x08001e88                HAL_PWREx_ControlVoltageScaling
 .text.RCC_SetFlashLatencyFromMSIRange
                0x08001f18       0x90 Drivers/STM32L4xx_HAL_Driver/Src/stm32l4xx_hal_rcc.o
 .text.HAL_RCC_GetSysClockFreq
                0x08001fa8       0xd8 Drivers/STM32L4xx_HAL_Driver/Src/stm32l4xx_hal_rcc.o
                0x08001fa8                HAL_RCC_GetSysClockFreq
 .text.HAL_RCC_OscConfig
                0x08002080      0x5b4 Drivers/STM32L4xx_HAL_Driver/Src/stm32l4xx_hal_rcc.o
                0x08002080                HAL_RCC_OscConfig
 .text.HAL_RCC_ClockConfig
                0x08002634      0x154 Drivers/STM32L4xx_HAL_Driver/Src/stm32l4xx_hal_rcc.o
                0x08002634                HAL_RCC_ClockConfig
 .text.HAL_RCC_GetHCLKFreq
                0x08002788        0xc Drivers/STM32L4xx_HAL_Driver/Src/stm32l4xx_hal_rcc.o
                0x08002788                HAL_RCC_GetHCLKFreq
 .text.HAL_RCC_GetPCLK1Freq
                0x08002794       0x24 Drivers/STM32L4xx_HAL_Driver/Src/stm32l4xx_hal_rcc.o
                0x08002794                HAL_RCC_GetPCLK1Freq
 .text.HAL_RCC_GetPCLK2Freq
                0x080027b8       0x24 Drivers/STM32L4xx_HAL_Driver/Src/stm32l4xx_hal_rcc.o
                0x080027b8                HAL_RCC_GetPCLK2Freq
 .text.RCCEx_PLLSAI1_Config
                0x080027dc      0x16c Drivers/STM32L4xx_HAL_Driver/Src/stm32l4xx_hal_rcc_ex.o
 .text.HAL_RCCEx_PeriphCLKConfig
                0x08002948      0x398 Drivers/STM32L4xx_HAL_Driver/Src/stm32l4xx_hal_rcc_ex.o
                0x08002948                HAL_RCCEx_PeriphCLKConfig
 .text.HAL_RCCEx_EnableMSIPLLMode
                0x08002ce0       0x10 Drivers/STM32L4xx_HAL_Driver/Src/stm32l4xx_hal_rcc_ex.o
                0x08002ce0                HAL_RCCEx_EnableMSIPLLMode
 .text.HAL_RTC_WaitForSynchro
                0x08002cf0       0x32 Drivers/STM32L4xx_HAL_Driver/Src/stm32l4xx_hal_rtc.o
                0x08002cf0                HAL_RTC_WaitForSynchro
 .text.RTC_EnterInitMode
                0x08002d22       0x3c Drivers/STM32L4xx_HAL_Driver/Src/stm32l4xx_hal_rtc.o
                0x08002d22                RTC_EnterInitMode
 .text.HAL_RTC_Init
                0x08002d5e       0xd4 Drivers/STM32L4xx_HAL_Driver/Src/stm32l4xx_hal_rtc.o
                0x08002d5e                HAL_RTC_Init
 .text.RTC_ByteToBcd2
                0x08002e32       0x16 Drivers/STM32L4xx_HAL_Driver/Src/stm32l4xx_hal_rtc.o
                0x08002e32                RTC_ByteToBcd2
 .text.HAL_RTC_SetDate
                0x08002e48       0xec Drivers/STM32L4xx_HAL_Driver/Src/stm32l4xx_hal_rtc.o
                0x08002e48                HAL_RTC_SetDate
 .text.HAL_RTC_SetTime
                0x08002f34      0x110 Drivers/STM32L4xx_HAL_Driver/Src/stm32l4xx_hal_rtc.o
                0x08002f34                HAL_RTC_SetTime
 .text.RTC_Bcd2ToByte
                0x08003044       0x12 Drivers/STM32L4xx_HAL_Driver/Src/stm32l4xx_hal_rtc.o
                0x08003044                RTC_Bcd2ToByte
 .text.HAL_RTC_GetTime
                0x08003056       0x52 Drivers/STM32L4xx_HAL_Driver/Src/stm32l4xx_hal_rtc.o
                0x08003056                HAL_RTC_GetTime
 .text.HAL_RTC_GetDate
                0x080030a8       0x42 Drivers/STM32L4xx_HAL_Driver/Src/stm32l4xx_hal_rtc.o
                0x080030a8                HAL_RTC_GetDate
 .text.HAL_RTCEx_BKUPWrite
                0x080030ea       0x18 Drivers/STM32L4xx_HAL_Driver/Src/stm32l4xx_hal_rtc_ex.o
                0x080030ea                HAL_RTCEx_BKUPWrite
 .text.HAL_RTCEx_BKUPRead
                0x08003102        0xa Drivers/STM32L4xx_HAL_Driver/Src/stm32l4xx_hal_rtc_ex.o
                0x08003102                HAL_RTCEx_BKUPRead
 .text.TIM_OC1_SetConfig
                0x0800310c       0x7c Drivers/STM32L4xx_HAL_Driver/Src/stm32l4xx_hal_tim.o
 .text.TIM_OC3_SetConfig
                0x08003188       0x74 Drivers/STM32L4xx_HAL_Driver/Src/stm32l4xx_hal_tim.o
 .text.TIM_OC4_SetConfig
                0x080031fc       0x5c Drivers/STM32L4xx_HAL_Driver/Src/stm32l4xx_hal_tim.o
 .text.TIM_OC5_SetConfig
                0x08003258       0x58 Drivers/STM32L4xx_HAL_Driver/Src/stm32l4xx_hal_tim.o
 .text.TIM_OC6_SetConfig
                0x080032b0       0x5c Drivers/STM32L4xx_HAL_Driver/Src/stm32l4xx_hal_tim.o
 .text.TIM_TI1_ConfigInputStage
                0x0800330c       0x26 Drivers/STM32L4xx_HAL_Driver/Src/stm32l4xx_hal_tim.o
 .text.TIM_TI2_ConfigInputStage
                0x08003332       0x28 Drivers/STM32L4xx_HAL_Driver/Src/stm32l4xx_hal_tim.o
 .text.TIM_ITRx_SetConfig
                0x0800335a       0x10 Drivers/STM32L4xx_HAL_Driver/Src/stm32l4xx_hal_tim.o
 *fill*         0x0800336a        0x2 
 .text.HAL_TIM_Base_Start
                0x0800336c       0x34 Drivers/STM32L4xx_HAL_Driver/Src/stm32l4xx_hal_tim.o
                0x0800336c                HAL_TIM_Base_Start
 .text.HAL_TIM_Base_Start_IT
                0x080033a0       0x34 Drivers/STM32L4xx_HAL_Driver/Src/stm32l4xx_hal_tim.o
                0x080033a0                HAL_TIM_Base_Start_IT
 .text.HAL_TIM_OC_MspInit
                0x080033d4        0x2 Drivers/STM32L4xx_HAL_Driver/Src/stm32l4xx_hal_tim.o
                0x080033d4                HAL_TIM_OC_MspInit
 .text.HAL_TIM_PeriodElapsedCallback
                0x080033d6        0x2 Drivers/STM32L4xx_HAL_Driver/Src/stm32l4xx_hal_tim.o
                0x080033d6                HAL_TIM_PeriodElapsedCallback
 .text.HAL_TIM_IC_CaptureCallback
                0x080033d8        0x2 Drivers/STM32L4xx_HAL_Driver/Src/stm32l4xx_hal_tim.o
                0x080033d8                HAL_TIM_IC_CaptureCallback
 .text.HAL_TIM_PWM_PulseFinishedCallback
                0x080033da        0x2 Drivers/STM32L4xx_HAL_Driver/Src/stm32l4xx_hal_tim.o
                0x080033da                HAL_TIM_PWM_PulseFinishedCallback
 .text.HAL_TIM_TriggerCallback
                0x080033dc        0x2 Drivers/STM32L4xx_HAL_Driver/Src/stm32l4xx_hal_tim.o
                0x080033dc                HAL_TIM_TriggerCallback
 .text.HAL_TIM_IRQHandler
                0x080033de      0x19a Drivers/STM32L4xx_HAL_Driver/Src/stm32l4xx_hal_tim.o
                0x080033de                HAL_TIM_IRQHandler
 .text.TIM_Base_SetConfig
                0x08003578       0x80 Drivers/STM32L4xx_HAL_Driver/Src/stm32l4xx_hal_tim.o
                0x08003578                TIM_Base_SetConfig
 .text.HAL_TIM_Base_Init
                0x080035f8       0x32 Drivers/STM32L4xx_HAL_Driver/Src/stm32l4xx_hal_tim.o
                0x080035f8                HAL_TIM_Base_Init
 .text.HAL_TIM_OC_Init
                0x0800362a       0x32 Drivers/STM32L4xx_HAL_Driver/Src/stm32l4xx_hal_tim.o
                0x0800362a                HAL_TIM_OC_Init
 .text.TIM_OC2_SetConfig
                0x0800365c       0x78 Drivers/STM32L4xx_HAL_Driver/Src/stm32l4xx_hal_tim.o
                0x0800365c                TIM_OC2_SetConfig
 .text.HAL_TIM_OC_ConfigChannel
                0x080036d4       0x76 Drivers/STM32L4xx_HAL_Driver/Src/stm32l4xx_hal_tim.o
                0x080036d4                HAL_TIM_OC_ConfigChannel
 .text.TIM_ETR_SetConfig
                0x0800374a       0x18 Drivers/STM32L4xx_HAL_Driver/Src/stm32l4xx_hal_tim.o
                0x0800374a                TIM_ETR_SetConfig
 *fill*         0x08003762        0x2 
 .text.HAL_TIM_ConfigClockSource
                0x08003764       0xf8 Drivers/STM32L4xx_HAL_Driver/Src/stm32l4xx_hal_tim.o
                0x08003764                HAL_TIM_ConfigClockSource
 .text.TIM_CCxChannelCmd
                0x0800385c       0x22 Drivers/STM32L4xx_HAL_Driver/Src/stm32l4xx_hal_tim.o
                0x0800385c                TIM_CCxChannelCmd
 *fill*         0x0800387e        0x2 
 .text.HAL_TIM_OC_Start_IT
                0x08003880       0x9c Drivers/STM32L4xx_HAL_Driver/Src/stm32l4xx_hal_tim.o
                0x08003880                HAL_TIM_OC_Start_IT
 .text.HAL_TIM_OC_Stop_IT
                0x0800391c       0xac Drivers/STM32L4xx_HAL_Driver/Src/stm32l4xx_hal_tim.o
                0x0800391c                HAL_TIM_OC_Stop_IT
 .text.HAL_TIMEx_MasterConfigSynchronization
                0x080039c8       0x5c Drivers/STM32L4xx_HAL_Driver/Src/stm32l4xx_hal_tim_ex.o
                0x080039c8                HAL_TIMEx_MasterConfigSynchronization
 .text.HAL_TIMEx_ConfigBreakDeadTime
                0x08003a24       0x88 Drivers/STM32L4xx_HAL_Driver/Src/stm32l4xx_hal_tim_ex.o
                0x08003a24                HAL_TIMEx_ConfigBreakDeadTime
 .text.HAL_TIMEx_CommutationCallback
                0x08003aac        0x2 Drivers/STM32L4xx_HAL_Driver/Src/stm32l4xx_hal_tim_ex.o
                0x08003aac                HAL_TIMEx_CommutationCallback
 .text.HAL_TIMEx_BreakCallback
                0x08003aae        0x2 Drivers/STM32L4xx_HAL_Driver/Src/stm32l4xx_hal_tim_ex.o
                0x08003aae                HAL_TIMEx_BreakCallback
 .text.HAL_TIMEx_Break2Callback
                0x08003ab0        0x2 Drivers/STM32L4xx_HAL_Driver/Src/stm32l4xx_hal_tim_ex.o
                0x08003ab0                HAL_TIMEx_Break2Callback
 .text.UART_EndRxTransfer
                0x08003ab2       0x20 Drivers/STM32L4xx_HAL_Driver/Src/stm32l4xx_hal_uart.o
 .text.UART_EndTransmit_IT
                0x08003ad2       0x1c Drivers/STM32L4xx_HAL_Driver/Src/stm32l4xx_hal_uart.o
 .text.HAL_UART_ErrorCallback
                0x08003aee        0x2 Drivers/STM32L4xx_HAL_Driver/Src/stm32l4xx_hal_uart.o
                0x08003aee                HAL_UART_ErrorCallback
 .text.HAL_UART_IRQHandler
                0x08003af0      0x15c Drivers/STM32L4xx_HAL_Driver/Src/stm32l4xx_hal_uart.o
                0x08003af0                HAL_UART_IRQHandler
 .text.UART_DMAAbortOnError
                0x08003c4c       0x14 Drivers/STM32L4xx_HAL_Driver/Src/stm32l4xx_hal_uart.o
 .text.UART_SetConfig
                0x08003c60      0x3e4 Drivers/STM32L4xx_HAL_Driver/Src/stm32l4xx_hal_uart.o
                0x08003c60                UART_SetConfig
 .text.UART_AdvFeatureConfig
                0x08004044       0xca Drivers/STM32L4xx_HAL_Driver/Src/stm32l4xx_hal_uart.o
                0x08004044                UART_AdvFeatureConfig
 .text.UART_WaitOnFlagUntilTimeout
                0x0800410e       0x62 Drivers/STM32L4xx_HAL_Driver/Src/stm32l4xx_hal_uart.o
                0x0800410e                UART_WaitOnFlagUntilTimeout
 .text.UART_CheckIdleState
                0x08004170       0x70 Drivers/STM32L4xx_HAL_Driver/Src/stm32l4xx_hal_uart.o
                0x08004170                UART_CheckIdleState
 .text.HAL_UART_Init
                0x080041e0       0x66 Drivers/STM32L4xx_HAL_Driver/Src/stm32l4xx_hal_uart.o
                0x080041e0                HAL_UART_Init
 .text.HAL_UARTEx_WakeupCallback
                0x08004246        0x2 Drivers/STM32L4xx_HAL_Driver/Src/stm32l4xx_hal_uart_ex.o
                0x08004246                HAL_UARTEx_WakeupCallback
 .text.micros   0x08004248       0x14 Src/Arduino_HAL.o
                0x08004248                micros
 .text.millis   0x0800425c        0x8 Src/Arduino_HAL.o
                0x0800425c                millis
 .text.digitalWrite
                0x08004264       0x20 Src/Arduino_HAL.o
                0x08004264                digitalWrite
 .text.digitalRead
                0x08004284       0x20 Src/Arduino_HAL.o
                0x08004284                digitalRead
 .text.MX_ADC1_Init
                0x080042a4       0x84 Src/adc.o
                0x080042a4                MX_ADC1_Init
 .text.HAL_ADC_MspInit
                0x08004328       0x78 Src/adc.o
                0x08004328                HAL_ADC_MspInit
 .text.MX_DMA_Init
                0x080043a0       0x34 Src/dma.o
                0x080043a0                MX_DMA_Init
 .text.MX_GPIO_Init
                0x080043d4      0x154 Src/gpio.o
                0x080043d4                MX_GPIO_Init
 .text.Error_Handler
                0x08004528        0x2 Src/main.o
                0x08004528                Error_Handler
 *fill*         0x0800452a        0x2 
 .text.SystemClock_Config
                0x0800452c       0xdc Src/main.o
                0x0800452c                SystemClock_Config
 .text.main     0x08004608       0x48 Src/main.o
                0x08004608                main
 .text.NMEA_parse_gpgga
                0x08004650       0xf0 Src/nmea_parser.o
                0x08004650                NMEA_parse_gpgga
 .text.NMEA_parse_gprmc
                0x08004740      0x138 Src/nmea_parser.o
                0x08004740                NMEA_parse_gprmc
 .text.NMEA_gprmc_lat_degrees
                0x08004878       0xb8 Src/nmea_parser.o
                0x08004878                NMEA_gprmc_lat_degrees
 .text.NMEA_gprmc_lon_degrees
                0x08004930       0xb8 Src/nmea_parser.o
                0x08004930                NMEA_gprmc_lon_degrees
 .text.NMEA_valid_checksum
                0x080049e8       0x34 Src/nmea_parser.o
                0x080049e8                NMEA_valid_checksum
 .text.NMEA_get_message_type
                0x08004a1c       0x48 Src/nmea_parser.o
                0x08004a1c                NMEA_get_message_type
 .text.AsciiToHex
                0x08004a64       0x34 Src/nmea_receiver.o
 .text.NMEA_Get_time_ms32
                0x08004a98        0x8 Src/nmea_receiver.o
 .text.NMEA_read_byte
                0x08004aa0       0x18 Src/nmea_receiver.o
 .text.NMEA_byte_available
                0x08004ab8       0x10 Src/nmea_receiver.o
 .text.NMEA_receiver_reset
                0x08004ac8       0x1c Src/nmea_receiver.o
                0x08004ac8                NMEA_receiver_reset
 .text.NMEA_receiver_init
                0x08004ae4       0x40 Src/nmea_receiver.o
                0x08004ae4                NMEA_receiver_init
 .text.NMEA_receiver_task
                0x08004b24      0x24a Src/nmea_receiver.o
                0x08004b24                NMEA_receiver_task
 .text.NMEA_receiver_frame_ready
                0x08004d6e        0xa Src/nmea_receiver.o
                0x08004d6e                NMEA_receiver_frame_ready
 .text.Init_ITM
                0x08004d78       0x4c Src/printf_redirect.o
                0x08004d78                Init_ITM
 .text._write   0x08004dc4       0x50 Src/printf_redirect.o
                0x08004dc4                _write
 .text.MX_RTC_Init
                0x08004e14       0x90 Src/rtc.o
                0x08004e14                MX_RTC_Init
 .text.HAL_RTC_MspInit
                0x08004ea4       0x24 Src/rtc.o
                0x08004ea4                HAL_RTC_MspInit
 .text.StarMap_init
                0x08004ec8       0x30 Src/starmap.o
                0x08004ec8                StarMap_init
 .text.StarMap_UpdateTSL
                0x08004ef8       0x9c Src/starmap.o
                0x08004ef8                StarMap_UpdateTSL
 .text.StarMap_dGetTSL
                0x08004f94       0x20 Src/starmap.o
                0x08004f94                StarMap_dGetTSL
 .text.StarMap_UpdateLocation
                0x08004fb4       0x24 Src/starmap.o
                0x08004fb4                StarMap_UpdateLocation
 .text.StarMap_getEqCoords
                0x08004fd8       0x68 Src/starmap.o
                0x08004fd8                StarMap_getEqCoords
 .text.StarMap_parseDMS
                0x08005040       0x54 Src/starmap.o
                0x08005040                StarMap_parseDMS
 .text.StarMap_hmsToDeg
                0x08005094       0x6c Src/starmap.o
                0x08005094                StarMap_hmsToDeg
 .text.StarMap_degToHms
                0x08005100       0xb0 Src/starmap.o
                0x08005100                StarMap_degToHms
 .text.StarMap_degToDms
                0x080051b0       0xa8 Src/starmap.o
                0x080051b0                StarMap_degToDms
 .text.StarMap_dmsToDeg
                0x08005258       0xb4 Src/starmap.o
                0x08005258                StarMap_dmsToDeg
 .text.StarMap_ascHMS
                0x0800530c       0x38 Src/starmap.o
                0x0800530c                StarMap_ascHMS
 .text.StarMap_ascDMS
                0x08005344       0x38 Src/starmap.o
                0x08005344                StarMap_ascDMS
 .text.StarMap_ascAngle
                0x0800537c       0x54 Src/starmap.o
                0x0800537c                StarMap_ascAngle
 .text.enableAh2
                0x080053d0        0xc Src/stepper_adapt2.o
                0x080053d0                enableAh2
 .text.disableAh2
                0x080053dc        0xc Src/stepper_adapt2.o
                0x080053dc                disableAh2
 .text.enableDec2
                0x080053e8        0xc Src/stepper_adapt2.o
                0x080053e8                enableDec2
 .text.disableDec2
                0x080053f4        0xc Src/stepper_adapt2.o
                0x080053f4                disableDec2
 .text.doStepAh2
                0x08005400       0x48 Src/stepper_adapt2.o
                0x08005400                doStepAh2
 .text.doStepDec2
                0x08005448       0x48 Src/stepper_adapt2.o
                0x08005448                doStepDec2
 .text.readFCAh2
                0x08005490        0xc Src/stepper_adapt2.o
                0x08005490                readFCAh2
 .text.readFCDec2
                0x0800549c        0xc Src/stepper_adapt2.o
                0x0800549c                readFCDec2
 .text.Stepper_initSteppers
                0x080054a8       0xf0 Src/stepper_adapt2.o
                0x080054a8                Stepper_initSteppers
 .text.needsReturnedMode
                0x08005598       0x30 Src/stepper_adapt2.o
                0x08005598                needsReturnedMode
 .text.getRelativeAngleFromDec
                0x080055c8       0x64 Src/stepper_adapt2.o
                0x080055c8                getRelativeAngleFromDec
 *fill*         0x0800562c        0x4 
 .text.getRelativeAngleFromAh
                0x08005630       0x70 Src/stepper_adapt2.o
                0x08005630                getRelativeAngleFromAh
 .text.Stepper_stopIT
                0x080056a0        0xc Src/stepper_it.o
 .text.Stepper_init
                0x080056ac        0xc Src/stepper_it.o
                0x080056ac                Stepper_init
 .text.UpdateStepper2
                0x080056b8       0x4a Src/stepper_it.o
                0x080056b8                UpdateStepper2
 .text.Stepper_getAbsolutePos
                0x08005702       0x1a Src/stepper_it.o
                0x08005702                Stepper_getAbsolutePos
 .text.Stepper_getRelativePos
                0x0800571c       0x1a Src/stepper_it.o
                0x0800571c                Stepper_getRelativePos
 .text.Stepper_getAbsoluteFromRelative
                0x08005736       0x14 Src/stepper_it.o
                0x08005736                Stepper_getAbsoluteFromRelative
 .text.Stepper_NextIT
                0x0800574a       0x7e Src/stepper_it.o
                0x0800574a                Stepper_NextIT
 .text.Stepper_stopMove
                0x080057c8       0x1c Src/stepper_it.o
                0x080057c8                Stepper_stopMove
 .text.Stepper_goTo
                0x080057e4       0x68 Src/stepper_it.o
                0x080057e4                Stepper_goTo
 .text.Stepper_continuousMove
                0x0800584c       0x1e Src/stepper_it.o
                0x0800584c                Stepper_continuousMove
 .text.Stepper_move
                0x0800586a       0x66 Src/stepper_it.o
                0x0800586a                Stepper_move
 .text.Stepper_calibrate
                0x080058d0       0x2a Src/stepper_it.o
                0x080058d0                Stepper_calibrate
 .text.Stepper_IT_Process
                0x080058fa      0x1d2 Src/stepper_it.o
                0x080058fa                Stepper_IT_Process
 .text.HAL_TIM_OC_DelayElapsedCallback
                0x08005acc       0x48 Src/stepper_it.o
                0x08005acc                HAL_TIM_OC_DelayElapsedCallback
 .text.HAL_MspInit
                0x08005b14       0x30 Src/stm32l4xx_hal_msp.o
                0x08005b14                HAL_MspInit
 .text.SysTick_Handler
                0x08005b44        0x8 Src/stm32l4xx_it.o
                0x08005b44                SysTick_Handler
 .text.DMA1_Channel1_IRQHandler
                0x08005b4c       0x10 Src/stm32l4xx_it.o
                0x08005b4c                DMA1_Channel1_IRQHandler
 .text.ADC1_IRQHandler
                0x08005b5c       0x10 Src/stm32l4xx_it.o
                0x08005b5c                ADC1_IRQHandler
 .text.TIM1_BRK_TIM15_IRQHandler
                0x08005b6c       0x10 Src/stm32l4xx_it.o
                0x08005b6c                TIM1_BRK_TIM15_IRQHandler
 .text.TIM2_IRQHandler
                0x08005b7c       0x10 Src/stm32l4xx_it.o
                0x08005b7c                TIM2_IRQHandler
 .text.USART2_IRQHandler
                0x08005b8c       0x10 Src/stm32l4xx_it.o
                0x08005b8c                USART2_IRQHandler
 .text.USART3_IRQHandler
                0x08005b9c       0x10 Src/stm32l4xx_it.o
                0x08005b9c                USART3_IRQHandler
 .text.UART4_IRQHandler
                0x08005bac       0x10 Src/stm32l4xx_it.o
                0x08005bac                UART4_IRQHandler
 .text._read    0x08005bbc       0x1c Src/syscalls.o
                0x08005bbc                _read
 .text._sbrk    0x08005bd8       0x3c Src/syscalls.o
                0x08005bd8                _sbrk
 .text._close   0x08005c14        0x6 Src/syscalls.o
                0x08005c14                _close
 .text._fstat   0x08005c1a        0xa Src/syscalls.o
                0x08005c1a                _fstat
 .text._isatty  0x08005c24        0x4 Src/syscalls.o
                0x08005c24                _isatty
 .text._lseek   0x08005c28        0x4 Src/syscalls.o
                0x08005c28                _lseek
 .text.SystemInit
                0x08005c2c       0x48 Src/system_stm32l4xx.o
                0x08005c2c                SystemInit
 .text.Telescope_init
                0x08005c74       0xd8 Src/telescope_app.o
                0x08005c74                Telescope_init
 .text.Process_NMEA
                0x08005d4c       0xd4 Src/telescope_app.o
                0x08005d4c                Process_NMEA
 .text.Process_Steppers
                0x08005e20      0x210 Src/telescope_app.o
                0x08005e20                Process_Steppers
 .text.Process_Periodic_Logging
                0x08006030      0x164 Src/telescope_app.o
                0x08006030                Process_Periodic_Logging
 .text.Process_Main_LED
                0x08006194       0xa4 Src/telescope_app.o
                0x08006194                Process_Main_LED
 .text.Process_Buttons
                0x08006238       0x74 Src/telescope_app.o
                0x08006238                Process_Buttons
 .text.Telescope_run
                0x080062ac       0x18 Src/telescope_app.o
                0x080062ac                Telescope_run
 .text.Process_Axis_Cmd
                0x080062c4      0x1bc Src/telescope_commands.o
                0x080062c4                Process_Axis_Cmd
 .text.Process_GPS_Param_Cmd
                0x08006480      0x318 Src/telescope_commands.o
                0x08006480                Process_GPS_Param_Cmd
 .text.Process_GPS_Cmd
                0x08006798      0x118 Src/telescope_commands.o
                0x08006798                Process_GPS_Cmd
 .text.Process_Star_Cmd
                0x080068b0      0x32c Src/telescope_commands.o
                0x080068b0                Process_Star_Cmd
 .text.Process_Exec_CmdV2
                0x08006bdc       0x2a Src/telescope_commands.o
                0x08006bdc                Process_Exec_CmdV2
 *fill*         0x08006c06        0x2 
 .text.Process_Receive_Cmd
                0x08006c08      0x1d4 Src/telescope_commands.o
                0x08006c08                Process_Receive_Cmd
 .text.MX_TIM2_Init
                0x08006ddc       0xa8 Src/tim.o
                0x08006ddc                MX_TIM2_Init
 .text.MX_TIM15_Init
                0x08006e84       0xf8 Src/tim.o
                0x08006e84                MX_TIM15_Init
 .text.HAL_TIM_Base_MspInit
                0x08006f7c       0x70 Src/tim.o
                0x08006f7c                HAL_TIM_Base_MspInit
 .text.RTCUtil_init
                0x08006fec        0x2 Src/time_util.o
                0x08006fec                RTCUtil_init
 *fill*         0x08006fee        0x2 
 .text.RTCUtil_time
                0x08006ff0       0x50 Src/time_util.o
                0x08006ff0                RTCUtil_time
 .text.RTCUtil_settime
                0x08007040       0xe4 Src/time_util.o
                0x08007040                RTCUtil_settime
 .text.RTCUtil_saveData
                0x08007124       0x28 Src/time_util.o
                0x08007124                RTCUtil_saveData
 .text.RCTUtil_readData
                0x0800714c       0x28 Src/time_util.o
                0x0800714c                RCTUtil_readData
 .text.TimerCycInit
                0x08007174       0x1c Src/timer.o
                0x08007174                TimerCycInit
 .text.TimerCycCount
                0x08007190        0xc Src/timer.o
                0x08007190                TimerCycCount
 .text.Serial_UART_RxISR_8BIT
                0x0800719c       0x50 Src/uart_driver.o
                0x0800719c                Serial_UART_RxISR_8BIT
 .text.Serial_UART_TxISR_8BIT
                0x080071ec       0x44 Src/uart_driver.o
                0x080071ec                Serial_UART_TxISR_8BIT
 .text.Serial_EnableRx
                0x08007230       0x4c Src/uart_driver.o
                0x08007230                Serial_EnableRx
 .text.Serial_EnableTx
                0x0800727c       0x2c Src/uart_driver.o
                0x0800727c                Serial_EnableTx
 .text.Serial_new
                0x080072a8       0x88 Src/uart_driver.o
                0x080072a8                Serial_new
 .text.Serial_Available
                0x08007330        0x6 Src/uart_driver.o
                0x08007330                Serial_Available
 .text.Serial_Read
                0x08007336       0x34 Src/uart_driver.o
                0x08007336                Serial_Read
 .text.Serial_writeBuf
                0x0800736a       0x5a Src/uart_driver.o
                0x0800736a                Serial_writeBuf
 .text.Serial_printf
                0x080073c4       0x48 Src/uart_driver.o
                0x080073c4                Serial_printf
 .text.HAL_UART_TxCpltCallback
                0x0800740c        0x2 Src/uart_driver.o
                0x0800740c                HAL_UART_TxCpltCallback
 *fill*         0x0800740e        0x2 
 .text.MX_UART4_Init
                0x08007410       0x48 Src/usart.o
                0x08007410                MX_UART4_Init
 .text.MX_USART2_UART_Init
                0x08007458       0x48 Src/usart.o
                0x08007458                MX_USART2_UART_Init
 .text.MX_USART3_UART_Init
                0x080074a0       0x48 Src/usart.o
                0x080074a0                MX_USART3_UART_Init
 .text.HAL_UART_MspInit
                0x080074e8      0x130 Src/usart.o
                0x080074e8                HAL_UART_MspInit
 .text.Reset_Handler
                0x08007618       0x50 startup/startup_stm32l452xx.o
                0x08007618                Reset_Handler
 .text.Default_Handler
                0x08007668        0x2 startup/startup_stm32l452xx.o
                0x08007668                RTC_Alarm_IRQHandler
                0x08007668                EXTI2_IRQHandler
                0x08007668                DebugMon_Handler
                0x08007668                TIM1_CC_IRQHandler
                0x08007668                TSC_IRQHandler
                0x08007668                HardFault_Handler
                0x08007668                TAMP_STAMP_IRQHandler
                0x08007668                PendSV_Handler
                0x08007668                NMI_Handler
                0x08007668                EXTI3_IRQHandler
                0x08007668                LPTIM2_IRQHandler
                0x08007668                DFSDM1_FLT1_IRQHandler
                0x08007668                I2C3_ER_IRQHandler
                0x08007668                EXTI0_IRQHandler
                0x08007668                I2C2_EV_IRQHandler
                0x08007668                CAN1_RX0_IRQHandler
                0x08007668                FPU_IRQHandler
                0x08007668                TIM1_UP_TIM16_IRQHandler
                0x08007668                UsageFault_Handler
                0x08007668                SPI1_IRQHandler
                0x08007668                TIM6_DAC_IRQHandler
                0x08007668                DMA2_Channel2_IRQHandler
                0x08007668                DMA1_Channel4_IRQHandler
                0x08007668                DMA1_Channel7_IRQHandler
                0x08007668                CAN1_RX1_IRQHandler
                0x08007668                DMA2_Channel1_IRQHandler
                0x08007668                QUADSPI_IRQHandler
                0x08007668                I2C1_EV_IRQHandler
                0x08007668                DMA1_Channel6_IRQHandler
                0x08007668                DMA2_Channel4_IRQHandler
                0x08007668                TIM3_IRQHandler
                0x08007668                RCC_IRQHandler
                0x08007668                TIM1_TRG_COM_IRQHandler
                0x08007668                Default_Handler
                0x08007668                DMA2_Channel7_IRQHandler
                0x08007668                EXTI15_10_IRQHandler
                0x08007668                SDMMC1_IRQHandler
                0x08007668                I2C3_EV_IRQHandler
                0x08007668                USB_IRQHandler
                0x08007668                EXTI9_5_IRQHandler
                0x08007668                RTC_WKUP_IRQHandler
                0x08007668                PVD_PVM_IRQHandler
                0x08007668                SPI2_IRQHandler
                0x08007668                MemManage_Handler
                0x08007668                CAN1_TX_IRQHandler
                0x08007668                SVC_Handler
                0x08007668                DMA2_Channel5_IRQHandler
                0x08007668                CRS_IRQHandler
                0x08007668                DMA1_Channel5_IRQHandler
                0x08007668                EXTI4_IRQHandler
                0x08007668                RNG_IRQHandler
                0x08007668                DMA1_Channel3_IRQHandler
                0x08007668                COMP_IRQHandler
                0x08007668                WWDG_IRQHandler
                0x08007668                I2C4_EV_IRQHandler
                0x08007668                LPUART1_IRQHandler
                0x08007668                DMA2_Channel6_IRQHandler
                0x08007668                EXTI1_IRQHandler
                0x08007668                DFSDM1_FLT0_IRQHandler
                0x08007668                I2C2_ER_IRQHandler
                0x08007668                DMA1_Channel2_IRQHandler
                0x08007668                CAN1_SCE_IRQHandler
                0x08007668                FLASH_IRQHandler
                0x08007668                BusFault_Handler
                0x08007668                USART1_IRQHandler
                0x08007668                SPI3_IRQHandler
                0x08007668                I2C1_ER_IRQHandler
                0x08007668                LPTIM1_IRQHandler
                0x08007668                I2C4_ER_IRQHandler
                0x08007668                SAI1_IRQHandler
                0x08007668                DMA2_Channel3_IRQHandler
 *fill*         0x0800766a        0x2 
 .text.fmod     0x0800766c       0xd0 d:/devroot/eclipse-exe/eclipse-c-oxygen/plugins/fr.ac6.mcu.externaltools.arm-none.win32_1.16.0.201807130628/tools/compiler/bin/../lib/gcc/arm-none-eabi/7.2.1/../../../../arm-none-eabi/lib/thumb/v7e-m/fpv4-sp/hard\libm.a(lib_a-w_fmod.o)
                0x0800766c                fmod
 .text.__ieee754_fmod
                0x0800773c      0x248 d:/devroot/eclipse-exe/eclipse-c-oxygen/plugins/fr.ac6.mcu.externaltools.arm-none.win32_1.16.0.201807130628/tools/compiler/bin/../lib/gcc/arm-none-eabi/7.2.1/../../../../arm-none-eabi/lib/thumb/v7e-m/fpv4-sp/hard\libm.a(lib_a-e_fmod.o)
                0x0800773c                __ieee754_fmod
 .text.matherr  0x08007984        0x4 d:/devroot/eclipse-exe/eclipse-c-oxygen/plugins/fr.ac6.mcu.externaltools.arm-none.win32_1.16.0.201807130628/tools/compiler/bin/../lib/gcc/arm-none-eabi/7.2.1/../../../../arm-none-eabi/lib/thumb/v7e-m/fpv4-sp/hard\libm.a(lib_a-s_matherr.o)
                0x08007984                matherr
 .text.atof     0x08007988        0x6 d:/devroot/eclipse-exe/eclipse-c-oxygen/plugins/fr.ac6.mcu.externaltools.arm-none.win32_1.16.0.201807130628/tools/compiler/bin/../lib/gcc/arm-none-eabi/7.2.1/../../../../arm-none-eabi/lib/thumb/v7e-m/fpv4-sp/hard\libc_nano.a(lib_a-atof.o)
                0x08007988                atof
 .text.atoi     0x0800798e        0x8 d:/devroot/eclipse-exe/eclipse-c-oxygen/plugins/fr.ac6.mcu.externaltools.arm-none.win32_1.16.0.201807130628/tools/compiler/bin/../lib/gcc/arm-none-eabi/7.2.1/../../../../arm-none-eabi/lib/thumb/v7e-m/fpv4-sp/hard\libc_nano.a(lib_a-atoi.o)
                0x0800798e                atoi
 *fill*         0x08007996        0x2 
 .text.__errno  0x08007998        0xc d:/devroot/eclipse-exe/eclipse-c-oxygen/plugins/fr.ac6.mcu.externaltools.arm-none.win32_1.16.0.201807130628/tools/compiler/bin/../lib/gcc/arm-none-eabi/7.2.1/../../../../arm-none-eabi/lib/thumb/v7e-m/fpv4-sp/hard\libc_nano.a(lib_a-errno.o)
                0x08007998                __errno
 .text.__libc_init_array
                0x080079a4       0x48 d:/devroot/eclipse-exe/eclipse-c-oxygen/plugins/fr.ac6.mcu.externaltools.arm-none.win32_1.16.0.201807130628/tools/compiler/bin/../lib/gcc/arm-none-eabi/7.2.1/../../../../arm-none-eabi/lib/thumb/v7e-m/fpv4-sp/hard\libc_nano.a(lib_a-init.o)
                0x080079a4                __libc_init_array
 .text.malloc   0x080079ec       0x10 d:/devroot/eclipse-exe/eclipse-c-oxygen/plugins/fr.ac6.mcu.externaltools.arm-none.win32_1.16.0.201807130628/tools/compiler/bin/../lib/gcc/arm-none-eabi/7.2.1/../../../../arm-none-eabi/lib/thumb/v7e-m/fpv4-sp/hard\libc_nano.a(lib_a-malloc.o)
                0x080079ec                malloc
 .text.free     0x080079fc       0x10 d:/devroot/eclipse-exe/eclipse-c-oxygen/plugins/fr.ac6.mcu.externaltools.arm-none.win32_1.16.0.201807130628/tools/compiler/bin/../lib/gcc/arm-none-eabi/7.2.1/../../../../arm-none-eabi/lib/thumb/v7e-m/fpv4-sp/hard\libc_nano.a(lib_a-malloc.o)
                0x080079fc                free
 .text.memset   0x08007a0c       0x10 d:/devroot/eclipse-exe/eclipse-c-oxygen/plugins/fr.ac6.mcu.externaltools.arm-none.win32_1.16.0.201807130628/tools/compiler/bin/../lib/gcc/arm-none-eabi/7.2.1/../../../../arm-none-eabi/lib/thumb/v7e-m/fpv4-sp/hard\libc_nano.a(lib_a-memset.o)
                0x08007a0c                memset
 .text.validate_structure
                0x08007a1c      0x1b4 d:/devroot/eclipse-exe/eclipse-c-oxygen/plugins/fr.ac6.mcu.externaltools.arm-none.win32_1.16.0.201807130628/tools/compiler/bin/../lib/gcc/arm-none-eabi/7.2.1/../../../../arm-none-eabi/lib/thumb/v7e-m/fpv4-sp/hard\libc_nano.a(lib_a-mktime.o)
 .text.mktime   0x08007bd0      0x374 d:/devroot/eclipse-exe/eclipse-c-oxygen/plugins/fr.ac6.mcu.externaltools.arm-none.win32_1.16.0.201807130628/tools/compiler/bin/../lib/gcc/arm-none-eabi/7.2.1/../../../../arm-none-eabi/lib/thumb/v7e-m/fpv4-sp/hard\libc_nano.a(lib_a-mktime.o)
                0x08007bd0                mktime
 .text._free_r  0x08007f44       0x9c d:/devroot/eclipse-exe/eclipse-c-oxygen/plugins/fr.ac6.mcu.externaltools.arm-none.win32_1.16.0.201807130628/tools/compiler/bin/../lib/gcc/arm-none-eabi/7.2.1/../../../../arm-none-eabi/lib/thumb/v7e-m/fpv4-sp/hard\libc_nano.a(lib_a-nano-freer.o)
                0x08007f44                _free_r
 .text._malloc_r
                0x08007fe0       0xb4 d:/devroot/eclipse-exe/eclipse-c-oxygen/plugins/fr.ac6.mcu.externaltools.arm-none.win32_1.16.0.201807130628/tools/compiler/bin/../lib/gcc/arm-none-eabi/7.2.1/../../../../arm-none-eabi/lib/thumb/v7e-m/fpv4-sp/hard\libc_nano.a(lib_a-nano-mallocr.o)
                0x08007fe0                _malloc_r
 .text.__cvt    0x08008094       0xc2 d:/devroot/eclipse-exe/eclipse-c-oxygen/plugins/fr.ac6.mcu.externaltools.arm-none.win32_1.16.0.201807130628/tools/compiler/bin/../lib/gcc/arm-none-eabi/7.2.1/../../../../arm-none-eabi/lib/thumb/v7e-m/fpv4-sp/hard\libc_nano.a(lib_a-nano-vfprintf_float.o)
                0x08008094                __cvt
 .text.__exponent
                0x08008156       0x66 d:/devroot/eclipse-exe/eclipse-c-oxygen/plugins/fr.ac6.mcu.externaltools.arm-none.win32_1.16.0.201807130628/tools/compiler/bin/../lib/gcc/arm-none-eabi/7.2.1/../../../../arm-none-eabi/lib/thumb/v7e-m/fpv4-sp/hard\libc_nano.a(lib_a-nano-vfprintf_float.o)
                0x08008156                __exponent
 .text._printf_float
                0x080081bc      0x480 d:/devroot/eclipse-exe/eclipse-c-oxygen/plugins/fr.ac6.mcu.externaltools.arm-none.win32_1.16.0.201807130628/tools/compiler/bin/../lib/gcc/arm-none-eabi/7.2.1/../../../../arm-none-eabi/lib/thumb/v7e-m/fpv4-sp/hard\libc_nano.a(lib_a-nano-vfprintf_float.o)
                0x080081bc                _printf_float
 .text._printf_common
                0x0800863c       0xea d:/devroot/eclipse-exe/eclipse-c-oxygen/plugins/fr.ac6.mcu.externaltools.arm-none.win32_1.16.0.201807130628/tools/compiler/bin/../lib/gcc/arm-none-eabi/7.2.1/../../../../arm-none-eabi/lib/thumb/v7e-m/fpv4-sp/hard\libc_nano.a(lib_a-nano-vfprintf_i.o)
                0x0800863c                _printf_common
 *fill*         0x08008726        0x2 
 .text._printf_i
                0x08008728      0x224 d:/devroot/eclipse-exe/eclipse-c-oxygen/plugins/fr.ac6.mcu.externaltools.arm-none.win32_1.16.0.201807130628/tools/compiler/bin/../lib/gcc/arm-none-eabi/7.2.1/../../../../arm-none-eabi/lib/thumb/v7e-m/fpv4-sp/hard\libc_nano.a(lib_a-nano-vfprintf_i.o)
                0x08008728                _printf_i
 .text._scanf_float
                0x0800894c      0x3c4 d:/devroot/eclipse-exe/eclipse-c-oxygen/plugins/fr.ac6.mcu.externaltools.arm-none.win32_1.16.0.201807130628/tools/compiler/bin/../lib/gcc/arm-none-eabi/7.2.1/../../../../arm-none-eabi/lib/thumb/v7e-m/fpv4-sp/hard\libc_nano.a(lib_a-nano-vfscanf_float.o)
                0x0800894c                _scanf_float
 .text._puts_r  0x08008d10       0xb8 d:/devroot/eclipse-exe/eclipse-c-oxygen/plugins/fr.ac6.mcu.externaltools.arm-none.win32_1.16.0.201807130628/tools/compiler/bin/../lib/gcc/arm-none-eabi/7.2.1/../../../../arm-none-eabi/lib/thumb/v7e-m/fpv4-sp/hard\libc_nano.a(lib_a-puts.o)
                0x08008d10                _puts_r
 .text.puts     0x08008dc8       0x10 d:/devroot/eclipse-exe/eclipse-c-oxygen/plugins/fr.ac6.mcu.externaltools.arm-none.win32_1.16.0.201807130628/tools/compiler/bin/../lib/gcc/arm-none-eabi/7.2.1/../../../../arm-none-eabi/lib/thumb/v7e-m/fpv4-sp/hard\libc_nano.a(lib_a-puts.o)
                0x08008dc8                puts
 .text._sbrk_r  0x08008dd8       0x20 d:/devroot/eclipse-exe/eclipse-c-oxygen/plugins/fr.ac6.mcu.externaltools.arm-none.win32_1.16.0.201807130628/tools/compiler/bin/../lib/gcc/arm-none-eabi/7.2.1/../../../../arm-none-eabi/lib/thumb/v7e-m/fpv4-sp/hard\libc_nano.a(lib_a-sbrkr.o)
                0x08008dd8                _sbrk_r
 .text.nanf     0x08008df8        0xc d:/devroot/eclipse-exe/eclipse-c-oxygen/plugins/fr.ac6.mcu.externaltools.arm-none.win32_1.16.0.201807130628/tools/compiler/bin/../lib/gcc/arm-none-eabi/7.2.1/../../../../arm-none-eabi/lib/thumb/v7e-m/fpv4-sp/hard\libc_nano.a(lib_a-sf_nan.o)
                0x08008df8                nanf
 .text.snprintf
                0x08008e04       0x68 d:/devroot/eclipse-exe/eclipse-c-oxygen/plugins/fr.ac6.mcu.externaltools.arm-none.win32_1.16.0.201807130628/tools/compiler/bin/../lib/gcc/arm-none-eabi/7.2.1/../../../../arm-none-eabi/lib/thumb/v7e-m/fpv4-sp/hard\libc_nano.a(lib_a-snprintf.o)
                0x08008e04                sniprintf
                0x08008e04                snprintf
 .text.sprintf  0x08008e6c       0x40 d:/devroot/eclipse-exe/eclipse-c-oxygen/plugins/fr.ac6.mcu.externaltools.arm-none.win32_1.16.0.201807130628/tools/compiler/bin/../lib/gcc/arm-none-eabi/7.2.1/../../../../arm-none-eabi/lib/thumb/v7e-m/fpv4-sp/hard\libc_nano.a(lib_a-sprintf.o)
                0x08008e6c                siprintf
                0x08008e6c                sprintf
 .text.strchr   0x08008eac       0x1a d:/devroot/eclipse-exe/eclipse-c-oxygen/plugins/fr.ac6.mcu.externaltools.arm-none.win32_1.16.0.201807130628/tools/compiler/bin/../lib/gcc/arm-none-eabi/7.2.1/../../../../arm-none-eabi/lib/thumb/v7e-m/fpv4-sp/hard\libc_nano.a(lib_a-strchr.o)
                0x08008eac                strchr
 .text.strstr   0x08008ec6       0x34 d:/devroot/eclipse-exe/eclipse-c-oxygen/plugins/fr.ac6.mcu.externaltools.arm-none.win32_1.16.0.201807130628/tools/compiler/bin/../lib/gcc/arm-none-eabi/7.2.1/../../../../arm-none-eabi/lib/thumb/v7e-m/fpv4-sp/hard\libc_nano.a(lib_a-strstr.o)
                0x08008ec6                strstr
 .text.unlikely.sulp
                0x08008efa       0x38 d:/devroot/eclipse-exe/eclipse-c-oxygen/plugins/fr.ac6.mcu.externaltools.arm-none.win32_1.16.0.201807130628/tools/compiler/bin/../lib/gcc/arm-none-eabi/7.2.1/../../../../arm-none-eabi/lib/thumb/v7e-m/fpv4-sp/hard\libc_nano.a(lib_a-strtod.o)
 *fill*         0x08008f32        0x6 
 .text._strtod_l
                0x08008f38      0xbe8 d:/devroot/eclipse-exe/eclipse-c-oxygen/plugins/fr.ac6.mcu.externaltools.arm-none.win32_1.16.0.201807130628/tools/compiler/bin/../lib/gcc/arm-none-eabi/7.2.1/../../../../arm-none-eabi/lib/thumb/v7e-m/fpv4-sp/hard\libc_nano.a(lib_a-strtod.o)
                0x08008f38                _strtod_l
 .text._strtod_r
                0x08009b20       0x20 d:/devroot/eclipse-exe/eclipse-c-oxygen/plugins/fr.ac6.mcu.externaltools.arm-none.win32_1.16.0.201807130628/tools/compiler/bin/../lib/gcc/arm-none-eabi/7.2.1/../../../../arm-none-eabi/lib/thumb/v7e-m/fpv4-sp/hard\libc_nano.a(lib_a-strtod.o)
                0x08009b20                _strtod_r
 .text.strtod   0x08009b40       0x28 d:/devroot/eclipse-exe/eclipse-c-oxygen/plugins/fr.ac6.mcu.externaltools.arm-none.win32_1.16.0.201807130628/tools/compiler/bin/../lib/gcc/arm-none-eabi/7.2.1/../../../../arm-none-eabi/lib/thumb/v7e-m/fpv4-sp/hard\libc_nano.a(lib_a-strtod.o)
                0x08009b40                strtod
 .text._strtol_l.isra.0
                0x08009b68       0xf6 d:/devroot/eclipse-exe/eclipse-c-oxygen/plugins/fr.ac6.mcu.externaltools.arm-none.win32_1.16.0.201807130628/tools/compiler/bin/../lib/gcc/arm-none-eabi/7.2.1/../../../../arm-none-eabi/lib/thumb/v7e-m/fpv4-sp/hard\libc_nano.a(lib_a-strtol.o)
 *fill*         0x08009c5e        0x2 
 .text._strtol_r
                0x08009c60       0x24 d:/devroot/eclipse-exe/eclipse-c-oxygen/plugins/fr.ac6.mcu.externaltools.arm-none.win32_1.16.0.201807130628/tools/compiler/bin/../lib/gcc/arm-none-eabi/7.2.1/../../../../arm-none-eabi/lib/thumb/v7e-m/fpv4-sp/hard\libc_nano.a(lib_a-strtol.o)
                0x08009c60                _strtol_r
 .text.strtol   0x08009c84       0x2c d:/devroot/eclipse-exe/eclipse-c-oxygen/plugins/fr.ac6.mcu.externaltools.arm-none.win32_1.16.0.201807130628/tools/compiler/bin/../lib/gcc/arm-none-eabi/7.2.1/../../../../arm-none-eabi/lib/thumb/v7e-m/fpv4-sp/hard\libc_nano.a(lib_a-strtol.o)
                0x08009c84                strtol
 .text.__tzcalc_limits
                0x08009cb0      0x150 d:/devroot/eclipse-exe/eclipse-c-oxygen/plugins/fr.ac6.mcu.externaltools.arm-none.win32_1.16.0.201807130628/tools/compiler/bin/../lib/gcc/arm-none-eabi/7.2.1/../../../../arm-none-eabi/lib/thumb/v7e-m/fpv4-sp/hard\libc_nano.a(lib_a-tzcalc_limits.o)
                0x08009cb0                __tzcalc_limits
 .text.__tz_lock
                0x08009e00        0x2 d:/devroot/eclipse-exe/eclipse-c-oxygen/plugins/fr.ac6.mcu.externaltools.arm-none.win32_1.16.0.201807130628/tools/compiler/bin/../lib/gcc/arm-none-eabi/7.2.1/../../../../arm-none-eabi/lib/thumb/v7e-m/fpv4-sp/hard\libc_nano.a(lib_a-tzlock.o)
                0x08009e00                __tz_lock
 .text.__tz_unlock
                0x08009e02        0x2 d:/devroot/eclipse-exe/eclipse-c-oxygen/plugins/fr.ac6.mcu.externaltools.arm-none.win32_1.16.0.201807130628/tools/compiler/bin/../lib/gcc/arm-none-eabi/7.2.1/../../../../arm-none-eabi/lib/thumb/v7e-m/fpv4-sp/hard\libc_nano.a(lib_a-tzlock.o)
                0x08009e02                __tz_unlock
 .text._tzset_unlocked
                0x08009e04        0xc d:/devroot/eclipse-exe/eclipse-c-oxygen/plugins/fr.ac6.mcu.externaltools.arm-none.win32_1.16.0.201807130628/tools/compiler/bin/../lib/gcc/arm-none-eabi/7.2.1/../../../../arm-none-eabi/lib/thumb/v7e-m/fpv4-sp/hard\libc_nano.a(lib_a-tzset.o)
                0x08009e04                _tzset_unlocked
 .text._tzset_unlocked_r
                0x08009e10      0x2fc d:/devroot/eclipse-exe/eclipse-c-oxygen/plugins/fr.ac6.mcu.externaltools.arm-none.win32_1.16.0.201807130628/tools/compiler/bin/../lib/gcc/arm-none-eabi/7.2.1/../../../../arm-none-eabi/lib/thumb/v7e-m/fpv4-sp/hard\libc_nano.a(lib_a-tzset_r.o)
                0x08009e10                _tzset_unlocked_r
 .text._vsnprintf_r
                0x0800a10c       0x58 d:/devroot/eclipse-exe/eclipse-c-oxygen/plugins/fr.ac6.mcu.externaltools.arm-none.win32_1.16.0.201807130628/tools/compiler/bin/../lib/gcc/arm-none-eabi/7.2.1/../../../../arm-none-eabi/lib/thumb/v7e-m/fpv4-sp/hard\libc_nano.a(lib_a-vsnprintf.o)
                0x0800a10c                _vsniprintf_r
                0x0800a10c                _vsnprintf_r
 .text.vsnprintf
                0x0800a164       0x1c d:/devroot/eclipse-exe/eclipse-c-oxygen/plugins/fr.ac6.mcu.externaltools.arm-none.win32_1.16.0.201807130628/tools/compiler/bin/../lib/gcc/arm-none-eabi/7.2.1/../../../../arm-none-eabi/lib/thumb/v7e-m/fpv4-sp/hard\libc_nano.a(lib_a-vsnprintf.o)
                0x0800a164                vsniprintf
                0x0800a164                vsnprintf
 .text.__swbuf_r
                0x0800a180       0xa4 d:/devroot/eclipse-exe/eclipse-c-oxygen/plugins/fr.ac6.mcu.externaltools.arm-none.win32_1.16.0.201807130628/tools/compiler/bin/../lib/gcc/arm-none-eabi/7.2.1/../../../../arm-none-eabi/lib/thumb/v7e-m/fpv4-sp/hard\libc_nano.a(lib_a-wbuf.o)
                0x0800a180                __swbuf_r
 .text.__swsetup_r
                0x0800a224       0xdc d:/devroot/eclipse-exe/eclipse-c-oxygen/plugins/fr.ac6.mcu.externaltools.arm-none.win32_1.16.0.201807130628/tools/compiler/bin/../lib/gcc/arm-none-eabi/7.2.1/../../../../arm-none-eabi/lib/thumb/v7e-m/fpv4-sp/hard\libc_nano.a(lib_a-wsetup.o)
                0x0800a224                __swsetup_r
 .text.div      0x0800a300       0x28 d:/devroot/eclipse-exe/eclipse-c-oxygen/plugins/fr.ac6.mcu.externaltools.arm-none.win32_1.16.0.201807130628/tools/compiler/bin/../lib/gcc/arm-none-eabi/7.2.1/../../../../arm-none-eabi/lib/thumb/v7e-m/fpv4-sp/hard\libc_nano.a(lib_a-div.o)
                0x0800a300                div
 .text.quorem   0x0800a328      0x118 d:/devroot/eclipse-exe/eclipse-c-oxygen/plugins/fr.ac6.mcu.externaltools.arm-none.win32_1.16.0.201807130628/tools/compiler/bin/../lib/gcc/arm-none-eabi/7.2.1/../../../../arm-none-eabi/lib/thumb/v7e-m/fpv4-sp/hard\libc_nano.a(lib_a-dtoa.o)
 .text._dtoa_r  0x0800a440      0xb70 d:/devroot/eclipse-exe/eclipse-c-oxygen/plugins/fr.ac6.mcu.externaltools.arm-none.win32_1.16.0.201807130628/tools/compiler/bin/../lib/gcc/arm-none-eabi/7.2.1/../../../../arm-none-eabi/lib/thumb/v7e-m/fpv4-sp/hard\libc_nano.a(lib_a-dtoa.o)
                0x0800a440                _dtoa_r
 .text.__sflush_r
                0x0800afb0      0x10c d:/devroot/eclipse-exe/eclipse-c-oxygen/plugins/fr.ac6.mcu.externaltools.arm-none.win32_1.16.0.201807130628/tools/compiler/bin/../lib/gcc/arm-none-eabi/7.2.1/../../../../arm-none-eabi/lib/thumb/v7e-m/fpv4-sp/hard\libc_nano.a(lib_a-fflush.o)
                0x0800afb0                __sflush_r
 .text._fflush_r
                0x0800b0bc       0x54 d:/devroot/eclipse-exe/eclipse-c-oxygen/plugins/fr.ac6.mcu.externaltools.arm-none.win32_1.16.0.201807130628/tools/compiler/bin/../lib/gcc/arm-none-eabi/7.2.1/../../../../arm-none-eabi/lib/thumb/v7e-m/fpv4-sp/hard\libc_nano.a(lib_a-fflush.o)
                0x0800b0bc                _fflush_r
 .text.std      0x0800b110       0x48 d:/devroot/eclipse-exe/eclipse-c-oxygen/plugins/fr.ac6.mcu.externaltools.arm-none.win32_1.16.0.201807130628/tools/compiler/bin/../lib/gcc/arm-none-eabi/7.2.1/../../../../arm-none-eabi/lib/thumb/v7e-m/fpv4-sp/hard\libc_nano.a(lib_a-findfp.o)
 .text._cleanup_r
                0x0800b158        0xc d:/devroot/eclipse-exe/eclipse-c-oxygen/plugins/fr.ac6.mcu.externaltools.arm-none.win32_1.16.0.201807130628/tools/compiler/bin/../lib/gcc/arm-none-eabi/7.2.1/../../../../arm-none-eabi/lib/thumb/v7e-m/fpv4-sp/hard\libc_nano.a(lib_a-findfp.o)
                0x0800b158                _cleanup_r
 .text.__sfmoreglue
                0x0800b164       0x2c d:/devroot/eclipse-exe/eclipse-c-oxygen/plugins/fr.ac6.mcu.externaltools.arm-none.win32_1.16.0.201807130628/tools/compiler/bin/../lib/gcc/arm-none-eabi/7.2.1/../../../../arm-none-eabi/lib/thumb/v7e-m/fpv4-sp/hard\libc_nano.a(lib_a-findfp.o)
                0x0800b164                __sfmoreglue
 .text.__sinit  0x0800b190       0x60 d:/devroot/eclipse-exe/eclipse-c-oxygen/plugins/fr.ac6.mcu.externaltools.arm-none.win32_1.16.0.201807130628/tools/compiler/bin/../lib/gcc/arm-none-eabi/7.2.1/../../../../arm-none-eabi/lib/thumb/v7e-m/fpv4-sp/hard\libc_nano.a(lib_a-findfp.o)
                0x0800b190                __sinit
 .text.__sfp    0x0800b1f0       0x78 d:/devroot/eclipse-exe/eclipse-c-oxygen/plugins/fr.ac6.mcu.externaltools.arm-none.win32_1.16.0.201807130628/tools/compiler/bin/../lib/gcc/arm-none-eabi/7.2.1/../../../../arm-none-eabi/lib/thumb/v7e-m/fpv4-sp/hard\libc_nano.a(lib_a-findfp.o)
                0x0800b1f0                __sfp
 .text._fwalk_reent
                0x0800b268       0x3c d:/devroot/eclipse-exe/eclipse-c-oxygen/plugins/fr.ac6.mcu.externaltools.arm-none.win32_1.16.0.201807130628/tools/compiler/bin/../lib/gcc/arm-none-eabi/7.2.1/../../../../arm-none-eabi/lib/thumb/v7e-m/fpv4-sp/hard\libc_nano.a(lib_a-fwalk.o)
                0x0800b268                _fwalk_reent
 .text.rshift   0x0800b2a4       0x74 d:/devroot/eclipse-exe/eclipse-c-oxygen/plugins/fr.ac6.mcu.externaltools.arm-none.win32_1.16.0.201807130628/tools/compiler/bin/../lib/gcc/arm-none-eabi/7.2.1/../../../../arm-none-eabi/lib/thumb/v7e-m/fpv4-sp/hard\libc_nano.a(lib_a-gdtoa-gethex.o)
 .text.__hexdig_fun
                0x0800b318       0x2a d:/devroot/eclipse-exe/eclipse-c-oxygen/plugins/fr.ac6.mcu.externaltools.arm-none.win32_1.16.0.201807130628/tools/compiler/bin/../lib/gcc/arm-none-eabi/7.2.1/../../../../arm-none-eabi/lib/thumb/v7e-m/fpv4-sp/hard\libc_nano.a(lib_a-gdtoa-gethex.o)
                0x0800b318                __hexdig_fun
 .text.__gethex
                0x0800b342      0x442 d:/devroot/eclipse-exe/eclipse-c-oxygen/plugins/fr.ac6.mcu.externaltools.arm-none.win32_1.16.0.201807130628/tools/compiler/bin/../lib/gcc/arm-none-eabi/7.2.1/../../../../arm-none-eabi/lib/thumb/v7e-m/fpv4-sp/hard\libc_nano.a(lib_a-gdtoa-gethex.o)
                0x0800b342                __gethex
 .text.L_shift  0x0800b784       0x24 d:/devroot/eclipse-exe/eclipse-c-oxygen/plugins/fr.ac6.mcu.externaltools.arm-none.win32_1.16.0.201807130628/tools/compiler/bin/../lib/gcc/arm-none-eabi/7.2.1/../../../../arm-none-eabi/lib/thumb/v7e-m/fpv4-sp/hard\libc_nano.a(lib_a-gdtoa-hexnan.o)
 .text.__match  0x0800b7a8       0x28 d:/devroot/eclipse-exe/eclipse-c-oxygen/plugins/fr.ac6.mcu.externaltools.arm-none.win32_1.16.0.201807130628/tools/compiler/bin/../lib/gcc/arm-none-eabi/7.2.1/../../../../arm-none-eabi/lib/thumb/v7e-m/fpv4-sp/hard\libc_nano.a(lib_a-gdtoa-hexnan.o)
                0x0800b7a8                __match
 .text.__hexnan
                0x0800b7d0      0x120 d:/devroot/eclipse-exe/eclipse-c-oxygen/plugins/fr.ac6.mcu.externaltools.arm-none.win32_1.16.0.201807130628/tools/compiler/bin/../lib/gcc/arm-none-eabi/7.2.1/../../../../arm-none-eabi/lib/thumb/v7e-m/fpv4-sp/hard\libc_nano.a(lib_a-gdtoa-hexnan.o)
                0x0800b7d0                __hexnan
 .text._findenv_r
                0x0800b8f0       0x78 d:/devroot/eclipse-exe/eclipse-c-oxygen/plugins/fr.ac6.mcu.externaltools.arm-none.win32_1.16.0.201807130628/tools/compiler/bin/../lib/gcc/arm-none-eabi/7.2.1/../../../../arm-none-eabi/lib/thumb/v7e-m/fpv4-sp/hard\libc_nano.a(lib_a-getenv_r.o)
                0x0800b8f0                _findenv_r
 .text._getenv_r
                0x0800b968        0xe d:/devroot/eclipse-exe/eclipse-c-oxygen/plugins/fr.ac6.mcu.externaltools.arm-none.win32_1.16.0.201807130628/tools/compiler/bin/../lib/gcc/arm-none-eabi/7.2.1/../../../../arm-none-eabi/lib/thumb/v7e-m/fpv4-sp/hard\libc_nano.a(lib_a-getenv_r.o)
                0x0800b968                _getenv_r
 *fill*         0x0800b976        0x2 
 .text.__gettzinfo
                0x0800b978        0x8 d:/devroot/eclipse-exe/eclipse-c-oxygen/plugins/fr.ac6.mcu.externaltools.arm-none.win32_1.16.0.201807130628/tools/compiler/bin/../lib/gcc/arm-none-eabi/7.2.1/../../../../arm-none-eabi/lib/thumb/v7e-m/fpv4-sp/hard\libc_nano.a(lib_a-gettzinfo.o)
                0x0800b978                __gettzinfo
 .text.__locale_ctype_ptr_l
                0x0800b980        0x6 d:/devroot/eclipse-exe/eclipse-c-oxygen/plugins/fr.ac6.mcu.externaltools.arm-none.win32_1.16.0.201807130628/tools/compiler/bin/../lib/gcc/arm-none-eabi/7.2.1/../../../../arm-none-eabi/lib/thumb/v7e-m/fpv4-sp/hard\libc_nano.a(lib_a-locale.o)
                0x0800b980                __locale_ctype_ptr_l
 *fill*         0x0800b986        0x2 
 .text.__locale_ctype_ptr
                0x0800b988       0x1c d:/devroot/eclipse-exe/eclipse-c-oxygen/plugins/fr.ac6.mcu.externaltools.arm-none.win32_1.16.0.201807130628/tools/compiler/bin/../lib/gcc/arm-none-eabi/7.2.1/../../../../arm-none-eabi/lib/thumb/v7e-m/fpv4-sp/hard\libc_nano.a(lib_a-locale.o)
                0x0800b988                __locale_ctype_ptr
 .text.__localeconv_l
                0x0800b9a4        0x4 d:/devroot/eclipse-exe/eclipse-c-oxygen/plugins/fr.ac6.mcu.externaltools.arm-none.win32_1.16.0.201807130628/tools/compiler/bin/../lib/gcc/arm-none-eabi/7.2.1/../../../../arm-none-eabi/lib/thumb/v7e-m/fpv4-sp/hard\libc_nano.a(lib_a-localeconv.o)
                0x0800b9a4                __localeconv_l
 .text._localeconv_r
                0x0800b9a8       0x1c d:/devroot/eclipse-exe/eclipse-c-oxygen/plugins/fr.ac6.mcu.externaltools.arm-none.win32_1.16.0.201807130628/tools/compiler/bin/../lib/gcc/arm-none-eabi/7.2.1/../../../../arm-none-eabi/lib/thumb/v7e-m/fpv4-sp/hard\libc_nano.a(lib_a-localeconv.o)
                0x0800b9a8                _localeconv_r
 .text.__swhatbuf_r
                0x0800b9c4       0x48 d:/devroot/eclipse-exe/eclipse-c-oxygen/plugins/fr.ac6.mcu.externaltools.arm-none.win32_1.16.0.201807130628/tools/compiler/bin/../lib/gcc/arm-none-eabi/7.2.1/../../../../arm-none-eabi/lib/thumb/v7e-m/fpv4-sp/hard\libc_nano.a(lib_a-makebuf.o)
                0x0800b9c4                __swhatbuf_r
 .text.__smakebuf_r
                0x0800ba0c       0x80 d:/devroot/eclipse-exe/eclipse-c-oxygen/plugins/fr.ac6.mcu.externaltools.arm-none.win32_1.16.0.201807130628/tools/compiler/bin/../lib/gcc/arm-none-eabi/7.2.1/../../../../arm-none-eabi/lib/thumb/v7e-m/fpv4-sp/hard\libc_nano.a(lib_a-makebuf.o)
                0x0800ba0c                __smakebuf_r
 .text.__ascii_mbtowc
                0x0800ba8c       0x24 d:/devroot/eclipse-exe/eclipse-c-oxygen/plugins/fr.ac6.mcu.externaltools.arm-none.win32_1.16.0.201807130628/tools/compiler/bin/../lib/gcc/arm-none-eabi/7.2.1/../../../../arm-none-eabi/lib/thumb/v7e-m/fpv4-sp/hard\libc_nano.a(lib_a-mbtowc_r.o)
                0x0800ba8c                __ascii_mbtowc
 .text.memcpy   0x0800bab0       0x16 d:/devroot/eclipse-exe/eclipse-c-oxygen/plugins/fr.ac6.mcu.externaltools.arm-none.win32_1.16.0.201807130628/tools/compiler/bin/../lib/gcc/arm-none-eabi/7.2.1/../../../../arm-none-eabi/lib/thumb/v7e-m/fpv4-sp/hard\libc_nano.a(lib_a-memcpy-stub.o)
                0x0800bab0                memcpy
 .text.__malloc_lock
                0x0800bac6        0x2 d:/devroot/eclipse-exe/eclipse-c-oxygen/plugins/fr.ac6.mcu.externaltools.arm-none.win32_1.16.0.201807130628/tools/compiler/bin/../lib/gcc/arm-none-eabi/7.2.1/../../../../arm-none-eabi/lib/thumb/v7e-m/fpv4-sp/hard\libc_nano.a(lib_a-mlock.o)
                0x0800bac6                __malloc_lock
 .text.__malloc_unlock
                0x0800bac8        0x2 d:/devroot/eclipse-exe/eclipse-c-oxygen/plugins/fr.ac6.mcu.externaltools.arm-none.win32_1.16.0.201807130628/tools/compiler/bin/../lib/gcc/arm-none-eabi/7.2.1/../../../../arm-none-eabi/lib/thumb/v7e-m/fpv4-sp/hard\libc_nano.a(lib_a-mlock.o)
                0x0800bac8                __malloc_unlock
 .text._Balloc  0x0800baca       0x68 d:/devroot/eclipse-exe/eclipse-c-oxygen/plugins/fr.ac6.mcu.externaltools.arm-none.win32_1.16.0.201807130628/tools/compiler/bin/../lib/gcc/arm-none-eabi/7.2.1/../../../../arm-none-eabi/lib/thumb/v7e-m/fpv4-sp/hard\libc_nano.a(lib_a-mprec.o)
                0x0800baca                _Balloc
 .text._Bfree   0x0800bb32       0x2e d:/devroot/eclipse-exe/eclipse-c-oxygen/plugins/fr.ac6.mcu.externaltools.arm-none.win32_1.16.0.201807130628/tools/compiler/bin/../lib/gcc/arm-none-eabi/7.2.1/../../../../arm-none-eabi/lib/thumb/v7e-m/fpv4-sp/hard\libc_nano.a(lib_a-mprec.o)
                0x0800bb32                _Bfree
 .text.__multadd
                0x0800bb60       0x76 d:/devroot/eclipse-exe/eclipse-c-oxygen/plugins/fr.ac6.mcu.externaltools.arm-none.win32_1.16.0.201807130628/tools/compiler/bin/../lib/gcc/arm-none-eabi/7.2.1/../../../../arm-none-eabi/lib/thumb/v7e-m/fpv4-sp/hard\libc_nano.a(lib_a-mprec.o)
                0x0800bb60                __multadd
 .text.__s2b    0x0800bbd6       0x7c d:/devroot/eclipse-exe/eclipse-c-oxygen/plugins/fr.ac6.mcu.externaltools.arm-none.win32_1.16.0.201807130628/tools/compiler/bin/../lib/gcc/arm-none-eabi/7.2.1/../../../../arm-none-eabi/lib/thumb/v7e-m/fpv4-sp/hard\libc_nano.a(lib_a-mprec.o)
                0x0800bbd6                __s2b
 .text.__hi0bits
                0x0800bc52       0x3e d:/devroot/eclipse-exe/eclipse-c-oxygen/plugins/fr.ac6.mcu.externaltools.arm-none.win32_1.16.0.201807130628/tools/compiler/bin/../lib/gcc/arm-none-eabi/7.2.1/../../../../arm-none-eabi/lib/thumb/v7e-m/fpv4-sp/hard\libc_nano.a(lib_a-mprec.o)
                0x0800bc52                __hi0bits
 .text.__lo0bits
                0x0800bc90       0x5e d:/devroot/eclipse-exe/eclipse-c-oxygen/plugins/fr.ac6.mcu.externaltools.arm-none.win32_1.16.0.201807130628/tools/compiler/bin/../lib/gcc/arm-none-eabi/7.2.1/../../../../arm-none-eabi/lib/thumb/v7e-m/fpv4-sp/hard\libc_nano.a(lib_a-mprec.o)
                0x0800bc90                __lo0bits
 .text.__i2b    0x0800bcee       0x12 d:/devroot/eclipse-exe/eclipse-c-oxygen/plugins/fr.ac6.mcu.externaltools.arm-none.win32_1.16.0.201807130628/tools/compiler/bin/../lib/gcc/arm-none-eabi/7.2.1/../../../../arm-none-eabi/lib/thumb/v7e-m/fpv4-sp/hard\libc_nano.a(lib_a-mprec.o)
                0x0800bcee                __i2b
 .text.__multiply
                0x0800bd00      0x12c d:/devroot/eclipse-exe/eclipse-c-oxygen/plugins/fr.ac6.mcu.externaltools.arm-none.win32_1.16.0.201807130628/tools/compiler/bin/../lib/gcc/arm-none-eabi/7.2.1/../../../../arm-none-eabi/lib/thumb/v7e-m/fpv4-sp/hard\libc_nano.a(lib_a-mprec.o)
                0x0800bd00                __multiply
 .text.__pow5mult
                0x0800be2c       0x9c d:/devroot/eclipse-exe/eclipse-c-oxygen/plugins/fr.ac6.mcu.externaltools.arm-none.win32_1.16.0.201807130628/tools/compiler/bin/../lib/gcc/arm-none-eabi/7.2.1/../../../../arm-none-eabi/lib/thumb/v7e-m/fpv4-sp/hard\libc_nano.a(lib_a-mprec.o)
                0x0800be2c                __pow5mult
 .text.__lshift
                0x0800bec8       0xa8 d:/devroot/eclipse-exe/eclipse-c-oxygen/plugins/fr.ac6.mcu.externaltools.arm-none.win32_1.16.0.201807130628/tools/compiler/bin/../lib/gcc/arm-none-eabi/7.2.1/../../../../arm-none-eabi/lib/thumb/v7e-m/fpv4-sp/hard\libc_nano.a(lib_a-mprec.o)
                0x0800bec8                __lshift
 .text.__mcmp   0x0800bf70       0x34 d:/devroot/eclipse-exe/eclipse-c-oxygen/plugins/fr.ac6.mcu.externaltools.arm-none.win32_1.16.0.201807130628/tools/compiler/bin/../lib/gcc/arm-none-eabi/7.2.1/../../../../arm-none-eabi/lib/thumb/v7e-m/fpv4-sp/hard\libc_nano.a(lib_a-mprec.o)
                0x0800bf70                __mcmp
 .text.__mdiff  0x0800bfa4       0xba d:/devroot/eclipse-exe/eclipse-c-oxygen/plugins/fr.ac6.mcu.externaltools.arm-none.win32_1.16.0.201807130628/tools/compiler/bin/../lib/gcc/arm-none-eabi/7.2.1/../../../../arm-none-eabi/lib/thumb/v7e-m/fpv4-sp/hard\libc_nano.a(lib_a-mprec.o)
                0x0800bfa4                __mdiff
 *fill*         0x0800c05e        0x2 
 .text.__ulp    0x0800c060       0x50 d:/devroot/eclipse-exe/eclipse-c-oxygen/plugins/fr.ac6.mcu.externaltools.arm-none.win32_1.16.0.201807130628/tools/compiler/bin/../lib/gcc/arm-none-eabi/7.2.1/../../../../arm-none-eabi/lib/thumb/v7e-m/fpv4-sp/hard\libc_nano.a(lib_a-mprec.o)
                0x0800c060                __ulp
 .text.__b2d    0x0800c0b0       0x9c d:/devroot/eclipse-exe/eclipse-c-oxygen/plugins/fr.ac6.mcu.externaltools.arm-none.win32_1.16.0.201807130628/tools/compiler/bin/../lib/gcc/arm-none-eabi/7.2.1/../../../../arm-none-eabi/lib/thumb/v7e-m/fpv4-sp/hard\libc_nano.a(lib_a-mprec.o)
                0x0800c0b0                __b2d
 .text.__d2b    0x0800c14c       0x9e d:/devroot/eclipse-exe/eclipse-c-oxygen/plugins/fr.ac6.mcu.externaltools.arm-none.win32_1.16.0.201807130628/tools/compiler/bin/../lib/gcc/arm-none-eabi/7.2.1/../../../../arm-none-eabi/lib/thumb/v7e-m/fpv4-sp/hard\libc_nano.a(lib_a-mprec.o)
                0x0800c14c                __d2b
 .text.__ratio  0x0800c1ea       0x66 d:/devroot/eclipse-exe/eclipse-c-oxygen/plugins/fr.ac6.mcu.externaltools.arm-none.win32_1.16.0.201807130628/tools/compiler/bin/../lib/gcc/arm-none-eabi/7.2.1/../../../../arm-none-eabi/lib/thumb/v7e-m/fpv4-sp/hard\libc_nano.a(lib_a-mprec.o)
                0x0800c1ea                __ratio
 .text.__copybits
                0x0800c250       0x34 d:/devroot/eclipse-exe/eclipse-c-oxygen/plugins/fr.ac6.mcu.externaltools.arm-none.win32_1.16.0.201807130628/tools/compiler/bin/../lib/gcc/arm-none-eabi/7.2.1/../../../../arm-none-eabi/lib/thumb/v7e-m/fpv4-sp/hard\libc_nano.a(lib_a-mprec.o)
                0x0800c250                __copybits
 .text.__any_on
                0x0800c284       0x42 d:/devroot/eclipse-exe/eclipse-c-oxygen/plugins/fr.ac6.mcu.externaltools.arm-none.win32_1.16.0.201807130628/tools/compiler/bin/../lib/gcc/arm-none-eabi/7.2.1/../../../../arm-none-eabi/lib/thumb/v7e-m/fpv4-sp/hard\libc_nano.a(lib_a-mprec.o)
                0x0800c284                __any_on
 .text._calloc_r
                0x0800c2c6       0x1c d:/devroot/eclipse-exe/eclipse-c-oxygen/plugins/fr.ac6.mcu.externaltools.arm-none.win32_1.16.0.201807130628/tools/compiler/bin/../lib/gcc/arm-none-eabi/7.2.1/../../../../arm-none-eabi/lib/thumb/v7e-m/fpv4-sp/hard\libc_nano.a(lib_a-nano-callocr.o)
                0x0800c2c6                _calloc_r
 .text.__ssputs_r
                0x0800c2e2       0xb4 d:/devroot/eclipse-exe/eclipse-c-oxygen/plugins/fr.ac6.mcu.externaltools.arm-none.win32_1.16.0.201807130628/tools/compiler/bin/../lib/gcc/arm-none-eabi/7.2.1/../../../../arm-none-eabi/lib/thumb/v7e-m/fpv4-sp/hard\libc_nano.a(lib_a-nano-svfprintf.o)
                0x0800c2e2                __ssputs_r
 *fill*         0x0800c396        0x2 
 .text._svfprintf_r
                0x0800c398      0x1ec d:/devroot/eclipse-exe/eclipse-c-oxygen/plugins/fr.ac6.mcu.externaltools.arm-none.win32_1.16.0.201807130628/tools/compiler/bin/../lib/gcc/arm-none-eabi/7.2.1/../../../../arm-none-eabi/lib/thumb/v7e-m/fpv4-sp/hard\libc_nano.a(lib_a-nano-svfprintf.o)
                0x0800c398                _svfiprintf_r
                0x0800c398                _svfprintf_r
 .text.sscanf   0x0800c584       0x54 d:/devroot/eclipse-exe/eclipse-c-oxygen/plugins/fr.ac6.mcu.externaltools.arm-none.win32_1.16.0.201807130628/tools/compiler/bin/../lib/gcc/arm-none-eabi/7.2.1/../../../../arm-none-eabi/lib/thumb/v7e-m/fpv4-sp/hard\libc_nano.a(lib_a-sscanf.o)
                0x0800c584                siscanf
                0x0800c584                sscanf
 .text.__sread  0x0800c5d8       0x22 d:/devroot/eclipse-exe/eclipse-c-oxygen/plugins/fr.ac6.mcu.externaltools.arm-none.win32_1.16.0.201807130628/tools/compiler/bin/../lib/gcc/arm-none-eabi/7.2.1/../../../../arm-none-eabi/lib/thumb/v7e-m/fpv4-sp/hard\libc_nano.a(lib_a-stdio.o)
                0x0800c5d8                __sread
 .text.__seofread
                0x0800c5fa        0x4 d:/devroot/eclipse-exe/eclipse-c-oxygen/plugins/fr.ac6.mcu.externaltools.arm-none.win32_1.16.0.201807130628/tools/compiler/bin/../lib/gcc/arm-none-eabi/7.2.1/../../../../arm-none-eabi/lib/thumb/v7e-m/fpv4-sp/hard\libc_nano.a(lib_a-stdio.o)
                0x0800c5fa                __seofread
 .text.__swrite
                0x0800c5fe       0x38 d:/devroot/eclipse-exe/eclipse-c-oxygen/plugins/fr.ac6.mcu.externaltools.arm-none.win32_1.16.0.201807130628/tools/compiler/bin/../lib/gcc/arm-none-eabi/7.2.1/../../../../arm-none-eabi/lib/thumb/v7e-m/fpv4-sp/hard\libc_nano.a(lib_a-stdio.o)
                0x0800c5fe                __swrite
 .text.__sseek  0x0800c636       0x24 d:/devroot/eclipse-exe/eclipse-c-oxygen/plugins/fr.ac6.mcu.externaltools.arm-none.win32_1.16.0.201807130628/tools/compiler/bin/../lib/gcc/arm-none-eabi/7.2.1/../../../../arm-none-eabi/lib/thumb/v7e-m/fpv4-sp/hard\libc_nano.a(lib_a-stdio.o)
                0x0800c636                __sseek
 .text.__sclose
                0x0800c65a        0x8 d:/devroot/eclipse-exe/eclipse-c-oxygen/plugins/fr.ac6.mcu.externaltools.arm-none.win32_1.16.0.201807130628/tools/compiler/bin/../lib/gcc/arm-none-eabi/7.2.1/../../../../arm-none-eabi/lib/thumb/v7e-m/fpv4-sp/hard\libc_nano.a(lib_a-stdio.o)
                0x0800c65a                __sclose
 .text.strcpy   0x0800c662       0x10 d:/devroot/eclipse-exe/eclipse-c-oxygen/plugins/fr.ac6.mcu.externaltools.arm-none.win32_1.16.0.201807130628/tools/compiler/bin/../lib/gcc/arm-none-eabi/7.2.1/../../../../arm-none-eabi/lib/thumb/v7e-m/fpv4-sp/hard\libc_nano.a(lib_a-strcpy.o)
                0x0800c662                strcpy
 .text.strncmp  0x0800c672       0x24 d:/devroot/eclipse-exe/eclipse-c-oxygen/plugins/fr.ac6.mcu.externaltools.arm-none.win32_1.16.0.201807130628/tools/compiler/bin/../lib/gcc/arm-none-eabi/7.2.1/../../../../arm-none-eabi/lib/thumb/v7e-m/fpv4-sp/hard\libc_nano.a(lib_a-strncmp.o)
                0x0800c672                strncmp
 .text._strtoul_l.isra.0
                0x0800c696       0xf4 d:/devroot/eclipse-exe/eclipse-c-oxygen/plugins/fr.ac6.mcu.externaltools.arm-none.win32_1.16.0.201807130628/tools/compiler/bin/../lib/gcc/arm-none-eabi/7.2.1/../../../../arm-none-eabi/lib/thumb/v7e-m/fpv4-sp/hard\libc_nano.a(lib_a-strtoul.o)
 *fill*         0x0800c78a        0x2 
 .text._strtoul_r
                0x0800c78c       0x24 d:/devroot/eclipse-exe/eclipse-c-oxygen/plugins/fr.ac6.mcu.externaltools.arm-none.win32_1.16.0.201807130628/tools/compiler/bin/../lib/gcc/arm-none-eabi/7.2.1/../../../../arm-none-eabi/lib/thumb/v7e-m/fpv4-sp/hard\libc_nano.a(lib_a-strtoul.o)
                0x0800c78c                _strtoul_r
 .text.strtoul  0x0800c7b0       0x2c d:/devroot/eclipse-exe/eclipse-c-oxygen/plugins/fr.ac6.mcu.externaltools.arm-none.win32_1.16.0.201807130628/tools/compiler/bin/../lib/gcc/arm-none-eabi/7.2.1/../../../../arm-none-eabi/lib/thumb/v7e-m/fpv4-sp/hard\libc_nano.a(lib_a-strtoul.o)
                0x0800c7b0                strtoul
 .text.__ascii_wctomb
                0x0800c7dc       0x1a d:/devroot/eclipse-exe/eclipse-c-oxygen/plugins/fr.ac6.mcu.externaltools.arm-none.win32_1.16.0.201807130628/tools/compiler/bin/../lib/gcc/arm-none-eabi/7.2.1/../../../../arm-none-eabi/lib/thumb/v7e-m/fpv4-sp/hard\libc_nano.a(lib_a-wctomb_r.o)
                0x0800c7dc                __ascii_wctomb
 *fill*         0x0800c7f6        0x2 
 .text._write_r
                0x0800c7f8       0x24 d:/devroot/eclipse-exe/eclipse-c-oxygen/plugins/fr.ac6.mcu.externaltools.arm-none.win32_1.16.0.201807130628/tools/compiler/bin/../lib/gcc/arm-none-eabi/7.2.1/../../../../arm-none-eabi/lib/thumb/v7e-m/fpv4-sp/hard\libc_nano.a(lib_a-writer.o)
                0x0800c7f8                _write_r
 .text._close_r
                0x0800c81c       0x20 d:/devroot/eclipse-exe/eclipse-c-oxygen/plugins/fr.ac6.mcu.externaltools.arm-none.win32_1.16.0.201807130628/tools/compiler/bin/../lib/gcc/arm-none-eabi/7.2.1/../../../../arm-none-eabi/lib/thumb/v7e-m/fpv4-sp/hard\libc_nano.a(lib_a-closer.o)
                0x0800c81c                _close_r
 .text.__env_lock
                0x0800c83c        0x2 d:/devroot/eclipse-exe/eclipse-c-oxygen/plugins/fr.ac6.mcu.externaltools.arm-none.win32_1.16.0.201807130628/tools/compiler/bin/../lib/gcc/arm-none-eabi/7.2.1/../../../../arm-none-eabi/lib/thumb/v7e-m/fpv4-sp/hard\libc_nano.a(lib_a-envlock.o)
                0x0800c83c                __env_lock
 .text.__env_unlock
                0x0800c83e        0x2 d:/devroot/eclipse-exe/eclipse-c-oxygen/plugins/fr.ac6.mcu.externaltools.arm-none.win32_1.16.0.201807130628/tools/compiler/bin/../lib/gcc/arm-none-eabi/7.2.1/../../../../arm-none-eabi/lib/thumb/v7e-m/fpv4-sp/hard\libc_nano.a(lib_a-envlock.o)
                0x0800c83e                __env_unlock
 .text._fstat_r
                0x0800c840       0x24 d:/devroot/eclipse-exe/eclipse-c-oxygen/plugins/fr.ac6.mcu.externaltools.arm-none.win32_1.16.0.201807130628/tools/compiler/bin/../lib/gcc/arm-none-eabi/7.2.1/../../../../arm-none-eabi/lib/thumb/v7e-m/fpv4-sp/hard\libc_nano.a(lib_a-fstatr.o)
                0x0800c840                _fstat_r
 .text._isatty_r
                0x0800c864       0x20 d:/devroot/eclipse-exe/eclipse-c-oxygen/plugins/fr.ac6.mcu.externaltools.arm-none.win32_1.16.0.201807130628/tools/compiler/bin/../lib/gcc/arm-none-eabi/7.2.1/../../../../arm-none-eabi/lib/thumb/v7e-m/fpv4-sp/hard\libc_nano.a(lib_a-isattyr.o)
                0x0800c864                _isatty_r
 .text._lseek_r
                0x0800c884       0x24 d:/devroot/eclipse-exe/eclipse-c-oxygen/plugins/fr.ac6.mcu.externaltools.arm-none.win32_1.16.0.201807130628/tools/compiler/bin/../lib/gcc/arm-none-eabi/7.2.1/../../../../arm-none-eabi/lib/thumb/v7e-m/fpv4-sp/hard\libc_nano.a(lib_a-lseekr.o)
                0x0800c884                _lseek_r
 .text.memmove  0x0800c8a8       0x32 d:/devroot/eclipse-exe/eclipse-c-oxygen/plugins/fr.ac6.mcu.externaltools.arm-none.win32_1.16.0.201807130628/tools/compiler/bin/../lib/gcc/arm-none-eabi/7.2.1/../../../../arm-none-eabi/lib/thumb/v7e-m/fpv4-sp/hard\libc_nano.a(lib_a-memmove.o)
                0x0800c8a8                memmove
 .text._realloc_r
                0x0800c8da       0x4c d:/devroot/eclipse-exe/eclipse-c-oxygen/plugins/fr.ac6.mcu.externaltools.arm-none.win32_1.16.0.201807130628/tools/compiler/bin/../lib/gcc/arm-none-eabi/7.2.1/../../../../arm-none-eabi/lib/thumb/v7e-m/fpv4-sp/hard\libc_nano.a(lib_a-nano-reallocr.o)
                0x0800c8da                _realloc_r
 .text._sungetc_r
                0x0800c926       0x7a d:/devroot/eclipse-exe/eclipse-c-oxygen/plugins/fr.ac6.mcu.externaltools.arm-none.win32_1.16.0.201807130628/tools/compiler/bin/../lib/gcc/arm-none-eabi/7.2.1/../../../../arm-none-eabi/lib/thumb/v7e-m/fpv4-sp/hard\libc_nano.a(lib_a-nano-svfscanf.o)
                0x0800c926                _sungetc_r
 .text.__ssrefill_r
                0x0800c9a0       0x3a d:/devroot/eclipse-exe/eclipse-c-oxygen/plugins/fr.ac6.mcu.externaltools.arm-none.win32_1.16.0.201807130628/tools/compiler/bin/../lib/gcc/arm-none-eabi/7.2.1/../../../../arm-none-eabi/lib/thumb/v7e-m/fpv4-sp/hard\libc_nano.a(lib_a-nano-svfscanf.o)
                0x0800c9a0                __ssrefill_r
 *fill*         0x0800c9da        0x2 
 .text.__ssvfscanf_r
                0x0800c9dc      0x2a0 d:/devroot/eclipse-exe/eclipse-c-oxygen/plugins/fr.ac6.mcu.externaltools.arm-none.win32_1.16.0.201807130628/tools/compiler/bin/../lib/gcc/arm-none-eabi/7.2.1/../../../../arm-none-eabi/lib/thumb/v7e-m/fpv4-sp/hard\libc_nano.a(lib_a-nano-svfscanf.o)
                0x0800c9dc                __ssvfiscanf_r
                0x0800c9dc                __ssvfscanf_r
 .text._scanf_chars
                0x0800cc7c       0xc6 d:/devroot/eclipse-exe/eclipse-c-oxygen/plugins/fr.ac6.mcu.externaltools.arm-none.win32_1.16.0.201807130628/tools/compiler/bin/../lib/gcc/arm-none-eabi/7.2.1/../../../../arm-none-eabi/lib/thumb/v7e-m/fpv4-sp/hard\libc_nano.a(lib_a-nano-vfscanf_i.o)
                0x0800cc7c                _scanf_chars
 *fill*         0x0800cd42        0x2 
 .text._scanf_i
                0x0800cd44      0x1e8 d:/devroot/eclipse-exe/eclipse-c-oxygen/plugins/fr.ac6.mcu.externaltools.arm-none.win32_1.16.0.201807130628/tools/compiler/bin/../lib/gcc/arm-none-eabi/7.2.1/../../../../arm-none-eabi/lib/thumb/v7e-m/fpv4-sp/hard\libc_nano.a(lib_a-nano-vfscanf_i.o)
                0x0800cd44                _scanf_i
 .text._read_r  0x0800cf2c       0x24 d:/devroot/eclipse-exe/eclipse-c-oxygen/plugins/fr.ac6.mcu.externaltools.arm-none.win32_1.16.0.201807130628/tools/compiler/bin/../lib/gcc/arm-none-eabi/7.2.1/../../../../arm-none-eabi/lib/thumb/v7e-m/fpv4-sp/hard\libc_nano.a(lib_a-readr.o)
                0x0800cf2c                _read_r
 .text.__sccl   0x0800cf50       0x64 d:/devroot/eclipse-exe/eclipse-c-oxygen/plugins/fr.ac6.mcu.externaltools.arm-none.win32_1.16.0.201807130628/tools/compiler/bin/../lib/gcc/arm-none-eabi/7.2.1/../../../../arm-none-eabi/lib/thumb/v7e-m/fpv4-sp/hard\libc_nano.a(lib_a-sccl.o)
                0x0800cf50                __sccl
 .text.__submore
                0x0800cfb4       0x74 d:/devroot/eclipse-exe/eclipse-c-oxygen/plugins/fr.ac6.mcu.externaltools.arm-none.win32_1.16.0.201807130628/tools/compiler/bin/../lib/gcc/arm-none-eabi/7.2.1/../../../../arm-none-eabi/lib/thumb/v7e-m/fpv4-sp/hard\libc_nano.a(lib_a-ungetc.o)
                0x0800cfb4                __submore
 .text._malloc_usable_size_r
                0x0800d028       0x10 d:/devroot/eclipse-exe/eclipse-c-oxygen/plugins/fr.ac6.mcu.externaltools.arm-none.win32_1.16.0.201807130628/tools/compiler/bin/../lib/gcc/arm-none-eabi/7.2.1/../../../../arm-none-eabi/lib/thumb/v7e-m/fpv4-sp/hard\libc_nano.a(lib_a-nano-msizer.o)
                0x0800d028                _malloc_usable_size_r
 *(.glue_7)
 .glue_7        0x0800d038        0x0 linker stubs
 *(.glue_7t)
 .glue_7t       0x0800d038        0x0 linker stubs
 *(.eh_frame)
 .eh_frame      0x0800d038        0x0 d:/devroot/eclipse-exe/eclipse-c-oxygen/plugins/fr.ac6.mcu.externaltools.arm-none.win32_1.16.0.201807130628/tools/compiler/bin/../lib/gcc/arm-none-eabi/7.2.1/thumb/v7e-m/fpv4-sp/hard/crtbegin.o
 *(.init)
 .init          0x0800d038        0x4 d:/devroot/eclipse-exe/eclipse-c-oxygen/plugins/fr.ac6.mcu.externaltools.arm-none.win32_1.16.0.201807130628/tools/compiler/bin/../lib/gcc/arm-none-eabi/7.2.1/thumb/v7e-m/fpv4-sp/hard/crti.o
                0x0800d038                _init
 .init          0x0800d03c        0x8 d:/devroot/eclipse-exe/eclipse-c-oxygen/plugins/fr.ac6.mcu.externaltools.arm-none.win32_1.16.0.201807130628/tools/compiler/bin/../lib/gcc/arm-none-eabi/7.2.1/thumb/v7e-m/fpv4-sp/hard/crtn.o
 *(.fini)
 .fini          0x0800d044        0x4 d:/devroot/eclipse-exe/eclipse-c-oxygen/plugins/fr.ac6.mcu.externaltools.arm-none.win32_1.16.0.201807130628/tools/compiler/bin/../lib/gcc/arm-none-eabi/7.2.1/thumb/v7e-m/fpv4-sp/hard/crti.o
                0x0800d044                _fini